Component: ARM Compiler 5.06 update 5 (build 528) Tool: armlink [4d35e2]

==============================================================================

Section Cross References

    startup_stm32g431xx.o(RESET) refers to startup_stm32g431xx.o(STACK) for __initial_sp
    startup_stm32g431xx.o(RESET) refers to startup_stm32g431xx.o(.text) for Reset_Handler
    startup_stm32g431xx.o(RESET) refers to stm32g4xx_it.o(i.NMI_Handler) for NMI_Handler
    startup_stm32g431xx.o(RESET) refers to stm32g4xx_it.o(i.HardFault_Handler) for HardFault_Handler
    startup_stm32g431xx.o(RESET) refers to stm32g4xx_it.o(i.MemManage_Handler) for MemManage_Handler
    startup_stm32g431xx.o(RESET) refers to stm32g4xx_it.o(i.BusFault_Handler) for BusFault_Handler
    startup_stm32g431xx.o(RESET) refers to stm32g4xx_it.o(i.UsageFault_Handler) for UsageFault_Handler
    startup_stm32g431xx.o(RESET) refers to stm32g4xx_it.o(i.SVC_Handler) for SVC_Handler
    startup_stm32g431xx.o(RESET) refers to stm32g4xx_it.o(i.DebugMon_Handler) for DebugMon_Handler
    startup_stm32g431xx.o(RESET) refers to stm32g4xx_it.o(i.PendSV_Handler) for PendSV_Handler
    startup_stm32g431xx.o(RESET) refers to stm32g4xx_it.o(i.SysTick_Handler) for SysTick_Handler
    startup_stm32g431xx.o(RESET) refers to stm32g4xx_it.o(i.DMA1_Channel1_IRQHandler) for DMA1_Channel1_IRQHandler
    startup_stm32g431xx.o(RESET) refers to stm32g4xx_it.o(i.DMA1_Channel2_IRQHandler) for DMA1_Channel2_IRQHandler
    startup_stm32g431xx.o(RESET) refers to stm32g4xx_it.o(i.DMA1_Channel3_IRQHandler) for DMA1_Channel3_IRQHandler
    startup_stm32g431xx.o(RESET) refers to stm32g4xx_it.o(i.ADC1_2_IRQHandler) for ADC1_2_IRQHandler
    startup_stm32g431xx.o(RESET) refers to stm32g4xx_it.o(i.TIM1_UP_TIM16_IRQHandler) for TIM1_UP_TIM16_IRQHandler
    startup_stm32g431xx.o(RESET) refers to stm32g4xx_it.o(i.TIM1_TRG_COM_TIM17_IRQHandler) for TIM1_TRG_COM_TIM17_IRQHandler
    startup_stm32g431xx.o(.text) refers to system_stm32g4xx.o(i.SystemInit) for SystemInit
    startup_stm32g431xx.o(.text) refers to entry.o(.ARM.Collect$$$$00000000) for __main
    lcd.o(i.LCD_BusIn) refers to memseta.o(.text) for __aeabi_memclr4
    lcd.o(i.LCD_BusIn) refers to stm32g4xx_hal_gpio.o(i.HAL_GPIO_Init) for HAL_GPIO_Init
    lcd.o(i.LCD_BusOut) refers to memseta.o(.text) for __aeabi_memclr4
    lcd.o(i.LCD_BusOut) refers to stm32g4xx_hal_gpio.o(i.HAL_GPIO_Init) for HAL_GPIO_Init
    lcd.o(i.LCD_Clear) refers to lcd.o(i.LCD_SetCursor) for LCD_SetCursor
    lcd.o(i.LCD_Clear) refers to lcd.o(i.LCD_WriteRAM_Prepare) for LCD_WriteRAM_Prepare
    lcd.o(i.LCD_Clear) refers to lcd.o(i.LCD_WriteRAM) for LCD_WriteRAM
    lcd.o(i.LCD_ClearLine) refers to lcd.o(i.LCD_DisplayStringLine) for LCD_DisplayStringLine
    lcd.o(i.LCD_CtrlLinesConfig) refers to memseta.o(.text) for __aeabi_memclr4
    lcd.o(i.LCD_CtrlLinesConfig) refers to stm32g4xx_hal_gpio.o(i.HAL_GPIO_Init) for HAL_GPIO_Init
    lcd.o(i.LCD_CtrlLinesConfig) refers to lcd.o(i.LCD_BusOut) for LCD_BusOut
    lcd.o(i.LCD_DisplayChar) refers to lcd.o(i.LCD_DrawChar) for LCD_DrawChar
    lcd.o(i.LCD_DisplayChar) refers to lcd.o(.constdata) for .constdata
    lcd.o(i.LCD_DisplayOff) refers to lcd.o(i.LCD_WriteReg) for LCD_WriteReg
    lcd.o(i.LCD_DisplayOn) refers to lcd.o(i.LCD_WriteReg) for LCD_WriteReg
    lcd.o(i.LCD_DisplayStringLine) refers to lcd.o(i.LCD_DisplayChar) for LCD_DisplayChar
    lcd.o(i.LCD_DrawChar) refers to lcd.o(i.LCD_SetCursor) for LCD_SetCursor
    lcd.o(i.LCD_DrawChar) refers to lcd.o(i.LCD_WriteRAM_Prepare) for LCD_WriteRAM_Prepare
    lcd.o(i.LCD_DrawChar) refers to lcd.o(i.LCD_WriteRAM) for LCD_WriteRAM
    lcd.o(i.LCD_DrawChar) refers to lcd.o(.data) for .data
    lcd.o(i.LCD_DrawCircle) refers to lcd.o(i.LCD_SetCursor) for LCD_SetCursor
    lcd.o(i.LCD_DrawCircle) refers to lcd.o(i.LCD_WriteRAM_Prepare) for LCD_WriteRAM_Prepare
    lcd.o(i.LCD_DrawCircle) refers to lcd.o(i.LCD_WriteRAM) for LCD_WriteRAM
    lcd.o(i.LCD_DrawCircle) refers to lcd.o(.data) for .data
    lcd.o(i.LCD_DrawLine) refers to lcd.o(i.LCD_SetCursor) for LCD_SetCursor
    lcd.o(i.LCD_DrawLine) refers to lcd.o(i.LCD_WriteRAM_Prepare) for LCD_WriteRAM_Prepare
    lcd.o(i.LCD_DrawLine) refers to lcd.o(i.LCD_WriteRAM) for LCD_WriteRAM
    lcd.o(i.LCD_DrawLine) refers to lcd.o(.data) for .data
    lcd.o(i.LCD_DrawMonoPict) refers to lcd.o(i.LCD_SetCursor) for LCD_SetCursor
    lcd.o(i.LCD_DrawMonoPict) refers to lcd.o(i.LCD_WriteRAM_Prepare) for LCD_WriteRAM_Prepare
    lcd.o(i.LCD_DrawMonoPict) refers to lcd.o(i.LCD_WriteRAM) for LCD_WriteRAM
    lcd.o(i.LCD_DrawMonoPict) refers to lcd.o(.data) for .data
    lcd.o(i.LCD_DrawPicture) refers to lcd.o(i.LCD_SetCursor) for LCD_SetCursor
    lcd.o(i.LCD_DrawPicture) refers to lcd.o(i.LCD_WriteRAM_Prepare) for LCD_WriteRAM_Prepare
    lcd.o(i.LCD_DrawPicture) refers to lcd.o(i.LCD_WriteRAM) for LCD_WriteRAM
    lcd.o(i.LCD_DrawRect) refers to lcd.o(i.LCD_DrawLine) for LCD_DrawLine
[...]
    i.DMA_CalcDMAMUXRequestGenBaseAndMask    0x08000920   Section        0  stm32g4xx_hal_dma.o(i.DMA_CalcDMAMUXRequestGenBaseAndMask)
    DMA_CalcDMAMUXRequestGenBaseAndMask      0x08000921   Thumb Code    30  stm32g4xx_hal_dma.o(i.DMA_CalcDMAMUXRequestGenBaseAndMask)
    i.DMA_SetConfig                          0x08000944   Section        0  stm32g4xx_hal_dma.o(i.DMA_SetConfig)
    DMA_SetConfig                            0x08000945   Thumb Code    62  stm32g4xx_hal_dma.o(i.DMA_SetConfig)
    i.DebugMon_Handler                       0x08000982   Section        0  stm32g4xx_it.o(i.DebugMon_Handler)
    i.Delay_LCD                              0x08000984   Section        0  lcd.o(i.Delay_LCD)
    i.Error_Handler                          0x080009a0   Section        0  main.o(i.Error_Handler)
    i.HAL_ADCEx_EndOfSamplingCallback        0x080009a4   Section        0  stm32g4xx_hal_adc_ex.o(i.HAL_ADCEx_EndOfSamplingCallback)
    i.HAL_ADCEx_InjectedConvCpltCallback     0x080009a6   Section        0  stm32g4xx_hal_adc_ex.o(i.HAL_ADCEx_InjectedConvCpltCallback)
    i.HAL_ADCEx_InjectedQueueOverflowCallback 0x080009a8   Section        0  stm32g4xx_hal_adc_ex.o(i.HAL_ADCEx_InjectedQueueOverflowCallback)
    i.HAL_ADCEx_LevelOutOfWindow2Callback    0x080009aa   Section        0  stm32g4xx_hal_adc_ex.o(i.HAL_ADCEx_LevelOutOfWindow2Callback)
    i.HAL_ADCEx_LevelOutOfWindow3Callback    0x080009ac   Section        0  stm32g4xx_hal_adc_ex.o(i.HAL_ADCEx_LevelOutOfWindow3Callback)
    i.HAL_ADCEx_MultiModeConfigChannel       0x080009b0   Section        0  stm32g4xx_hal_adc_ex.o(i.HAL_ADCEx_MultiModeConfigChannel)
    i.HAL_ADC_ConfigChannel                  0x08000a88   Section        0  stm32g4xx_hal_adc.o(i.HAL_ADC_ConfigChannel)
    i.HAL_ADC_ConvCpltCallback               0x08000eac   Section        0  stm32g4xx_hal_adc.o(i.HAL_ADC_ConvCpltCallback)
    i.HAL_ADC_ConvHalfCpltCallback           0x08000eae   Section        0  stm32g4xx_hal_adc.o(i.HAL_ADC_ConvHalfCpltCallback)
    i.HAL_ADC_ErrorCallback                  0x08000eb0   Section        0  stm32g4xx_hal_adc.o(i.HAL_ADC_ErrorCallback)
    i.HAL_ADC_IRQHandler                     0x08000eb4   Section        0  stm32g4xx_hal_adc.o(i.HAL_ADC_IRQHandler)
    i.HAL_ADC_Init                           0x08001120   Section        0  stm32g4xx_hal_adc.o(i.HAL_ADC_Init)
    i.HAL_ADC_LevelOutOfWindowCallback       0x0800131c   Section        0  stm32g4xx_hal_adc.o(i.HAL_ADC_LevelOutOfWindowCallback)
    i.HAL_ADC_MspInit                        0x08001320   Section        0  adc.o(i.HAL_ADC_MspInit)
    i.HAL_ADC_Start_DMA                      0x08001480   Section        0  stm32g4xx_hal_adc.o(i.HAL_ADC_Start_DMA)
    i.HAL_DMA_IRQHandler                     0x08001570   Section        0  stm32g4xx_hal_dma.o(i.HAL_DMA_IRQHandler)
    i.HAL_DMA_Init                           0x0800162c   Section        0  stm32g4xx_hal_dma.o(i.HAL_DMA_Init)
    i.HAL_DMA_Start_IT                       0x080016ec   Section        0  stm32g4xx_hal_dma.o(i.HAL_DMA_Start_IT)
    i.HAL_Delay                              0x08001778   Section        0  stm32g4xx_hal.o(i.HAL_Delay)
    i.HAL_GPIO_Init                          0x0800179c   Section        0  stm32g4xx_hal_gpio.o(i.HAL_GPIO_Init)
    i.HAL_GPIO_ReadPin                       0x08001964   Section        0  stm32g4xx_hal_gpio.o(i.HAL_GPIO_ReadPin)
    i.HAL_GPIO_WritePin                      0x0800196e   Section        0  stm32g4xx_hal_gpio.o(i.HAL_GPIO_WritePin)
    i.HAL_GetTick                            0x08001978   Section        0  stm32g4xx_hal.o(i.HAL_GetTick)
    i.HAL_IncTick                            0x08001984   Section        0  stm32g4xx_hal.o(i.HAL_IncTick)
    i.HAL_Init                               0x08001994   Section        0  stm32g4xx_hal.o(i.HAL_Init)
    i.HAL_InitTick                           0x080019b4   Section        0  stm32g4xx_hal.o(i.HAL_InitTick)
    i.HAL_MspInit                            0x080019f8   Section        0  stm32g4xx_hal_msp.o(i.HAL_MspInit)
    i.HAL_NVIC_EnableIRQ                     0x08001a28   Section        0  stm32g4xx_hal_cortex.o(i.HAL_NVIC_EnableIRQ)
    i.HAL_NVIC_SetPriority                   0x08001a44   Section        0  stm32g4xx_hal_cortex.o(i.HAL_NVIC_SetPriority)
    i.HAL_NVIC_SetPriorityGrouping           0x08001a84   Section        0  stm32g4xx_hal_cortex.o(i.HAL_NVIC_SetPriorityGrouping)
    i.HAL_PWREx_ControlVoltageScaling        0x08001aa8   Section        0  stm32g4xx_hal_pwr_ex.o(i.HAL_PWREx_ControlVoltageScaling)
    i.HAL_PWREx_DisableUCPDDeadBattery       0x08001b64   Section        0  stm32g4xx_hal_pwr_ex.o(i.HAL_PWREx_DisableUCPDDeadBattery)
    i.HAL_RCCEx_PeriphCLKConfig              0x08001b74   Section        0  stm32g4xx_hal_rcc_ex.o(i.HAL_RCCEx_PeriphCLKConfig)
    i.HAL_RCC_ClockConfig                    0x08001dfc   Section        0  stm32g4xx_hal_rcc.o(i.HAL_RCC_ClockConfig)
    i.HAL_RCC_GetPCLK1Freq                   0x08001fd8   Section        0  stm32g4xx_hal_rcc.o(i.HAL_RCC_GetPCLK1Freq)
    i.HAL_RCC_GetPCLK2Freq                   0x08001ffc   Section        0  stm32g4xx_hal_rcc.o(i.HAL_RCC_GetPCLK2Freq)
    i.HAL_RCC_GetSysClockFreq                0x08002020   Section        0  stm32g4xx_hal_rcc.o(i.HAL_RCC_GetSysClockFreq)
    i.HAL_RCC_OscConfig                      0x08002090   Section        0  stm32g4xx_hal_rcc.o(i.HAL_RCC_OscConfig)
    i.HAL_SYSTICK_Config                     0x0800249c   Section        0  stm32g4xx_hal_cortex.o(i.HAL_SYSTICK_Config)
    i.HAL_TIMEx_Break2Callback               0x080024c4   Section        0  stm32g4xx_hal_tim_ex.o(i.HAL_TIMEx_Break2Callback)
    i.HAL_TIMEx_BreakCallback                0x080024c6   Section        0  stm32g4xx_hal_tim_ex.o(i.HAL_TIMEx_BreakCallback)
    i.HAL_TIMEx_CommutCallback               0x080024c8   Section        0  stm32g4xx_hal_tim_ex.o(i.HAL_TIMEx_CommutCallback)
    i.HAL_TIMEx_DirectionChangeCallback      0x080024ca   Section        0  stm32g4xx_hal_tim_ex.o(i.HAL_TIMEx_DirectionChangeCallback)
    i.HAL_TIMEx_EncoderIndexCallback         0x080024cc   Section        0  stm32g4xx_hal_tim_ex.o(i.HAL_TIMEx_EncoderIndexCallback)
    i.HAL_TIMEx_IndexErrorCallback           0x080024ce   Section        0  stm32g4xx_hal_tim_ex.o(i.HAL_TIMEx_IndexErrorCallback)
    i.HAL_TIMEx_MasterConfigSynchronization  0x080024d0   Section        0  stm32g4xx_hal_tim_ex.o(i.HAL_TIMEx_MasterConfigSynchronization)
    i.HAL_TIMEx_TransitionErrorCallback      0x0800256c   Section        0  stm32g4xx_hal_tim_ex.o(i.HAL_TIMEx_TransitionErrorCallback)
    i.HAL_TIM_Base_Init                      0x0800256e   Section        0  stm32g4xx_hal_tim.o(i.HAL_TIM_Base_Init)
    i.HAL_TIM_Base_MspInit                   0x080025d0   Section        0  tim.o(i.HAL_TIM_Base_MspInit)
    i.HAL_TIM_Base_Start_IT                  0x0800266c   Section        0  stm32g4xx_hal_tim.o(i.HAL_TIM_Base_Start_IT)
    i.HAL_TIM_ConfigClockSource              0x080026e4   Section        0  stm32g4xx_hal_tim.o(i.HAL_TIM_ConfigClockSource)
    i.HAL_TIM_IC_CaptureCallback             0x080027dc   Section        0  system.o(i.HAL_TIM_IC_CaptureCallback)
    i.HAL_TIM_IC_ConfigChannel               0x08002814   Section        0  stm32g4xx_hal_tim.o(i.HAL_TIM_IC_ConfigChannel)
    i.HAL_TIM_IC_Init                        0x08002922   Section        0  stm32g4xx_hal_tim.o(i.HAL_TIM_IC_Init)
    i.HAL_TIM_IC_MspInit                     0x08002984   Section        0  stm32g4xx_hal_tim.o(i.HAL_TIM_IC_MspInit)
    i.HAL_TIM_IC_Start_IT                    0x08002988   Section        0  stm32g4xx_hal_tim.o(i.HAL_TIM_IC_Start_IT)
    i.HAL_TIM_IRQHandler                     0x08002ab0   Section        0  stm32g4xx_hal_tim.o(i.HAL_TIM_IRQHandler)
    i.HAL_TIM_MspPostInit                    0x08002cac   Section        0  tim.o(i.HAL_TIM_MspPostInit)
    i.HAL_TIM_OC_DelayElapsedCallback        0x08002cf8   Section        0  stm32g4xx_hal_tim.o(i.HAL_TIM_OC_DelayElapsedCallback)
    i.HAL_TIM_PWM_ConfigChannel              0x08002cfa   Section        0  stm32g4xx_hal_tim.o(i.HAL_TIM_PWM_ConfigChannel)
    i.HAL_TIM_PWM_Init                       0x08002e18   Section        0  stm32g4xx_hal_tim.o(i.HAL_TIM_PWM_Init)
    i.HAL_TIM_PWM_MspInit                    0x08002e7c   Section        0  tim.o(i.HAL_TIM_PWM_MspInit)
    i.HAL_TIM_PWM_PulseFinishedCallback      0x08002ea0   Section        0  stm32g4xx_hal_tim.o(i.HAL_TIM_PWM_PulseFinishedCallback)
    i.HAL_TIM_PWM_Start                      0x08002ea4   Section        0  stm32g4xx_hal_tim.o(i.HAL_TIM_PWM_Start)
    i.HAL_TIM_PeriodElapsedCallback          0x08002fa0   Section        0  system.o(i.HAL_TIM_PeriodElapsedCallback)
    i.HAL_TIM_TriggerCallback                0x08002fbc   Section        0  stm32g4xx_hal_tim.o(i.HAL_TIM_TriggerCallback)
    i.HAL_UARTEx_DisableFifoMode             0x08002fbe   Section        0  stm32g4xx_hal_uart_ex.o(i.HAL_UARTEx_DisableFifoMode)
    i.HAL_UARTEx_SetRxFifoThreshold          0x08002ffc   Section        0  stm32g4xx_hal_uart_ex.o(i.HAL_UARTEx_SetRxFifoThreshold)
    i.HAL_UARTEx_SetTxFifoThreshold          0x08003048   Section        0  stm32g4xx_hal_uart_ex.o(i.HAL_UARTEx_SetTxFifoThreshold)
    i.HAL_UART_Init                          0x08003094   Section        0  stm32g4xx_hal_uart.o(i.HAL_UART_Init)
    i.HAL_UART_MspInit                       0x08003100   Section        0  usart.o(i.HAL_UART_MspInit)
    i.HAL_UART_Transmit                      0x080031b4   Section        0  stm32g4xx_hal_uart.o(i.HAL_UART_Transmit)
    i.HardFault_Handler                      0x08003270   Section        0  stm32g4xx_it.o(i.HardFault_Handler)
    i.I2CInit                                0x08003274   Section        0  i2c_hal.o(i.I2CInit)
    i.I2CReceiveByte                         0x080032a0   Section        0  i2c_hal.o(i.I2CReceiveByte)
    i.I2CSendAck                             0x080032ee   Section        0  i2c_hal.o(i.I2CSendAck)
    i.I2CSendByte                            0x0800331e   Section        0  i2c_hal.o(i.I2CSendByte)
    i.I2CSendNotAck                          0x0800336c   Section        0  i2c_hal.o(i.I2CSendNotAck)
    i.I2CStart                               0x0800339c   Section        0  i2c_hal.o(i.I2CStart)
    i.I2CStop                                0x080033d2   Section        0  i2c_hal.o(i.I2CStop)
    i.LCD_BusIn                              0x08003408   Section        0  lcd.o(i.LCD_BusIn)
    i.LCD_BusOut                             0x08003434   Section        0  lcd.o(i.LCD_BusOut)
    i.LCD_Clear                              0x08003464   Section        0  lcd.o(i.LCD_Clear)
    i.LCD_CtrlLinesConfig                    0x08003488   Section        0  lcd.o(i.LCD_CtrlLinesConfig)
    i.LCD_DisplayChar                        0x08003518   Section        0  lcd.o(i.LCD_DisplayChar)
    i.LCD_DisplayStringLine                  0x08003530   Section        0  lcd.o(i.LCD_DisplayStringLine)
    i.LCD_DrawChar                           0x0800355c   Section        0  lcd.o(i.LCD_DrawChar)
    i.LCD_Init                               0x080035b4   Section        0  lcd.o(i.LCD_Init)
    i.LCD_ReadReg                            0x080035e8   Section        0  lcd.o(i.LCD_ReadReg)
    i.LCD_SetBackColor                       0x08003668   Section        0  lcd.o(i.LCD_SetBackColor)
    i.LCD_SetCursor                          0x08003678   Section        0  lcd.o(i.LCD_SetCursor)
    i.LCD_SetTextColor                       0x08003690   Section        0  lcd.o(i.LCD_SetTextColor)
    i.LCD_WriteRAM                           0x080036a0   Section        0  lcd.o(i.LCD_WriteRAM)
    i.LCD_WriteRAM_Prepare                   0x080036f8   Section        0  lcd.o(i.LCD_WriteRAM_Prepare)
    i.LCD_WriteReg                           0x08003754   Section        0  lcd.o(i.LCD_WriteReg)
    i.LL_ADC_GetOffsetChannel                0x080037c0   Section        0  stm32g4xx_hal_adc.o(i.LL_ADC_GetOffsetChannel)
    LL_ADC_GetOffsetChannel                  0x080037c1   Thumb Code    12  stm32g4xx_hal_adc.o(i.LL_ADC_GetOffsetChannel)
    i.LL_ADC_INJ_IsConversionOngoing         0x080037cc   Section        0  stm32g4xx_hal_adc.o(i.LL_ADC_INJ_IsConversionOngoing)
    LL_ADC_INJ_IsConversionOngoing           0x080037cd   Thumb Code     8  stm32g4xx_hal_adc.o(i.LL_ADC_INJ_IsConversionOngoing)
    i.LL_ADC_REG_IsConversionOngoing         0x080037d4   Section        0  stm32g4xx_hal_adc.o(i.LL_ADC_REG_IsConversionOngoing)
    LL_ADC_REG_IsConversionOngoing           0x080037d5   Thumb Code     8  stm32g4xx_hal_adc.o(i.LL_ADC_REG_IsConversionOngoing)
    i.LL_ADC_REG_IsConversionOngoing         0x080037dc   Section        0  stm32g4xx_hal_adc_ex.o(i.LL_ADC_REG_IsConversionOngoing)
    LL_ADC_REG_IsConversionOngoing           0x080037dd   Thumb Code     8  stm32g4xx_hal_adc_ex.o(i.LL_ADC_REG_IsConversionOngoing)
    i.LL_ADC_REG_IsTriggerSourceSWStart      0x080037e4   Section        0  stm32g4xx_hal_adc.o(i.LL_ADC_REG_IsTriggerSourceSWStart)
    LL_ADC_REG_IsTriggerSourceSWStart        0x080037e5   Thumb Code    16  stm32g4xx_hal_adc.o(i.LL_ADC_REG_IsTriggerSourceSWStart)
    i.LL_ADC_SetChannelSamplingTime          0x080037f4   Section        0  stm32g4xx_hal_adc.o(i.LL_ADC_SetChannelSamplingTime)
    LL_ADC_SetChannelSamplingTime            0x080037f5   Thumb Code    30  stm32g4xx_hal_adc.o(i.LL_ADC_SetChannelSamplingTime)
    i.LL_ADC_SetOffsetState                  0x08003812   Section        0  stm32g4xx_hal_adc.o(i.LL_ADC_SetOffsetState)
    LL_ADC_SetOffsetState                    0x08003813   Thumb Code    16  stm32g4xx_hal_adc.o(i.LL_ADC_SetOffsetState)
    i.MX_ADC1_Init                           0x08003824   Section        0  adc.o(i.MX_ADC1_Init)
    i.MX_ADC2_Init                           0x080038b4   Section        0  adc.o(i.MX_ADC2_Init)
    i.MX_DMA_Init                            0x08003930   Section        0  dma.o(i.MX_DMA_Init)
    i.MX_GPIO_Init                           0x0800398c   Section        0  gpio.o(i.MX_GPIO_Init)
    i.MX_TIM17_Init                          0x08003a60   Section        0  tim.o(i.MX_TIM17_Init)
    i.MX_TIM1_Init                           0x08003ac0   Section        0  tim.o(i.MX_TIM1_Init)
    i.MX_TIM2_Init                           0x08003b2c   Section        0  tim.o(i.MX_TIM2_Init)
    i.MX_USART1_UART_Init                    0x08003b9c   Section        0  usart.o(i.MX_USART1_UART_Init)
    i.MemManage_Handler                      0x08003c04   Section        0  stm32g4xx_it.o(i.MemManage_Handler)
    i.NMI_Handler                            0x08003c06   Section        0  stm32g4xx_it.o(i.NMI_Handler)
    i.PendSV_Handler                         0x08003c08   Section        0  stm32g4xx_it.o(i.PendSV_Handler)
    i.REG_8230_Init                          0x08003c0a   Section        0  lcd.o(i.REG_8230_Init)
    i.REG_932X_Init                          0x08003d1c   Section        0  lcd.o(i.REG_932X_Init)
    i.SCL_Output                             0x08003f20   Section        0  i2c_hal.o(i.SCL_Output)
    i.SDA_Input                              0x08003f38   Section        0  i2c_hal.o(i.SDA_Input)
    i.SDA_Input_Mode                         0x08003f50   Section        0  i2c_hal.o(i.SDA_Input_Mode)
    i.SDA_Output                             0x08003f7c   Section        0  i2c_hal.o(i.SDA_Output)
    i.SDA_Output_Mode                        0x08003f94   Section        0  i2c_hal.o(i.SDA_Output_Mode)
    i.SVC_Handler                            0x08003fc0   Section        0  stm32g4xx_it.o(i.SVC_Handler)
    i.SysTick_Handler                        0x08003fc2   Section        0  stm32g4xx_it.o(i.SysTick_Handler)
    i.SystemClock_Config                     0x08003fc6   Section        0  main.o(i.SystemClock_Config)
    i.SystemInit                             0x0800402c   Section        0  system_stm32g4xx.o(i.SystemInit)
    i.TIM1_TRG_COM_TIM17_IRQHandler          0x0800403c   Section        0  stm32g4xx_it.o(i.TIM1_TRG_COM_TIM17_IRQHandler)
    i.TIM1_UP_TIM16_IRQHandler               0x08004058   Section        0  stm32g4xx_it.o(i.TIM1_UP_TIM16_IRQHandler)
    i.TIM_Base_SetConfig                     0x08004064   Section        0  stm32g4xx_hal_tim.o(i.TIM_Base_SetConfig)
    i.TIM_CCxChannelCmd                      0x08004114   Section        0  stm32g4xx_hal_tim.o(i.TIM_CCxChannelCmd)
    i.TIM_ETR_SetConfig                      0x0800412e   Section        0  stm32g4xx_hal_tim.o(i.TIM_ETR_SetConfig)
    i.TIM_ITRx_SetConfig                     0x08004144   Section        0  stm32g4xx_hal_tim.o(i.TIM_ITRx_SetConfig)
    TIM_ITRx_SetConfig                       0x08004145   Thumb Code    16  stm32g4xx_hal_tim.o(i.TIM_ITRx_SetConfig)
    i.TIM_OC1_SetConfig                      0x08004158   Section        0  stm32g4xx_hal_tim.o(i.TIM_OC1_SetConfig)
    TIM_OC1_SetConfig                        0x08004159   Thumb Code   132  stm32g4xx_hal_tim.o(i.TIM_OC1_SetConfig)
    i.TIM_OC2_SetConfig                      0x080041f4   Section        0  stm32g4xx_hal_tim.o(i.TIM_OC2_SetConfig)
    i.TIM_OC3_SetConfig                      0x08004284   Section        0  stm32g4xx_hal_tim.o(i.TIM_OC3_SetConfig)
    TIM_OC3_SetConfig                        0x08004285   Thumb Code   118  stm32g4xx_hal_tim.o(i.TIM_OC3_SetConfig)
    i.TIM_OC4_SetConfig                      0x08004314   Section        0  stm32g4xx_hal_tim.o(i.TIM_OC4_SetConfig)
    TIM_OC4_SetConfig                        0x08004315   Thumb Code   120  stm32g4xx_hal_tim.o(i.TIM_OC4_SetConfig)
    i.TIM_OC5_SetConfig                      0x080043a4   Section        0  stm32g4xx_hal_tim.o(i.TIM_OC5_SetConfig)
    TIM_OC5_SetConfig                        0x080043a5   Thumb Code    86  stm32g4xx_hal_tim.o(i.TIM_OC5_SetConfig)
    i.TIM_OC6_SetConfig                      0x08004414   Section        0  stm32g4xx_hal_tim.o(i.TIM_OC6_SetConfig)
    TIM_OC6_SetConfig                        0x08004415   Thumb Code    88  stm32g4xx_hal_tim.o(i.TIM_OC6_SetConfig)
    i.TIM_TI1_ConfigInputStage               0x08004484   Section        0  stm32g4xx_hal_tim.o(i.TIM_TI1_ConfigInputStage)
    TIM_TI1_ConfigInputStage                 0x08004485   Thumb Code    34  stm32g4xx_hal_tim.o(i.TIM_TI1_ConfigInputStage)
    i.TIM_TI1_SetConfig                      0x080044a8   Section        0  stm32g4xx_hal_tim.o(i.TIM_TI1_SetConfig)
    i.TIM_TI2_ConfigInputStage               0x08004514   Section        0  stm32g4xx_hal_tim.o(i.TIM_TI2_ConfigInputStage)
    TIM_TI2_ConfigInputStage                 0x08004515   Thumb Code    36  stm32g4xx_hal_tim.o(i.TIM_TI2_ConfigInputStage)
    i.TIM_TI2_SetConfig                      0x08004538   Section        0  stm32g4xx_hal_tim.o(i.TIM_TI2_SetConfig)
    TIM_TI2_SetConfig                        0x08004539   Thumb Code    54  stm32g4xx_hal_tim.o(i.TIM_TI2_SetConfig)
    i.UARTEx_SetNbDataToProcess              0x08004570   Section        0  stm32g4xx_hal_uart_ex.o(i.UARTEx_SetNbDataToProcess)
    UARTEx_SetNbDataToProcess                0x08004571   Thumb Code    62  stm32g4xx_hal_uart_ex.o(i.UARTEx_SetNbDataToProcess)
    i.UART_AdvFeatureConfig                  0x080045b4   Section        0  stm32g4xx_hal_uart.o(i.UART_AdvFeatureConfig)
    i.UART_CheckIdleState                    0x0800467c   Section        0  stm32g4xx_hal_uart.o(i.UART_CheckIdleState)
    i.UART_SetConfig                         0x080046dc   Section        0  stm32g4xx_hal_uart.o(i.UART_SetConfig)
    i.UART_WaitOnFlagUntilTimeout            0x08004950   Section        0  stm32g4xx_hal_uart.o(i.UART_WaitOnFlagUntilTimeout)
    i.UsageFault_Handler                     0x080049f4   Section        0  stm32g4xx_it.o(i.UsageFault_Handler)
    i.__0printf                              0x080049f8   Section        0  printfa.o(i.__0printf)
    i.__0sprintf                             0x08004a18   Section        0  printfa.o(i.__0sprintf)
    i.__NVIC_SetPriority                     0x08004a40   Section        0  stm32g4xx_hal_cortex.o(i.__NVIC_SetPriority)
    __NVIC_SetPriority                       0x08004a41   Thumb Code    32  stm32g4xx_hal_cortex.o(i.__NVIC_SetPriority)
    i.__scatterload_copy                     0x08004a60   Section       14  handlers.o(i.__scatterload_copy)
    i.__scatterload_null                     0x08004a6e   Section        2  handlers.o(i.__scatterload_null)
    i.__scatterload_zeroinit                 0x08004a70   Section       14  handlers.o(i.__scatterload_zeroinit)
    i._fp_digits                             0x08004a80   Section        0  printfa.o(i._fp_digits)
    _fp_digits                               0x08004a81   Thumb Code   366  printfa.o(i._fp_digits)
    i._printf_core                           0x08004c04   Section        0  printfa.o(i._printf_core)
    _printf_core                             0x08004c05   Thumb Code  1744  printfa.o(i._printf_core)
    i._printf_post_padding                   0x080052e0   Section        0  printfa.o(i._printf_post_padding)
    _printf_post_padding                     0x080052e1   Thumb Code    36  printfa.o(i._printf_post_padding)
    i._printf_pre_padding                    0x08005304   Section        0  printfa.o(i._printf_pre_padding)
    _printf_pre_padding                      0x08005305   Thumb Code    46  printfa.o(i._printf_pre_padding)
    i._sputc                                 0x08005332   Section        0  printfa.o(i._sputc)
    _sputc                                   0x08005333   Thumb Code    10  printfa.o(i._sputc)
    i.adc_show                               0x0800533c   Section        0  system.o(i.adc_show)
    i.delay1                                 0x080053a8   Section        0  i2c_hal.o(i.delay1)
    delay1                                   0x080053a9   Thumb Code    12  i2c_hal.o(i.delay1)
    i.eeprom_read                            0x080053b4   Section        0  system.o(i.eeprom_read)
    i.eeprom_write                           0x080053f4   Section        0  system.o(i.eeprom_write)
    i.fputc                                  0x0800542c   Section        0  system.o(i.fputc)
    i.key_read                               0x08005444   Section        0  user.o(i.key_read)
    i.key_show                               0x08005484   Section        0  user.o(i.key_show)
    i.lcd_text                               0x08005578   Section        0  user.o(i.lcd_text)
    i.led_disp                               0x080056b4   Section        0  user.o(i.led_disp)
    i.main                                   0x080056e0   Section        0  main.o(i.main)
    i.system_init                            0x08005768   Section        0  system.o(i.system_init)
    .constdata                               0x080057b0   Section     4560  lcd.o(.constdata)
    .constdata                               0x08006980   Section       24  stm32g4xx_hal_uart.o(.constdata)
    .constdata                               0x08006998   Section       16  stm32g4xx_hal_uart_ex.o(.constdata)
    numerator                                0x08006998   Data           8  stm32g4xx_hal_uart_ex.o(.constdata)
    denominator                              0x080069a0   Data           8  stm32g4xx_hal_uart_ex.o(.constdata)
    .constdata                               0x080069a8   Section       16  system_stm32g4xx.o(.constdata)
    .constdata                               0x080069b8   Section        8  system_stm32g4xx.o(.constdata)
    .data                                    0x20000000   Section        6  lcd.o(.data)
    TextColor                                0x20000000   Data           2  lcd.o(.data)
    BackColor                                0x20000002   Data           2  lcd.o(.data)
    .data                                    0x20000008   Section        4  adc.o(.data)
    HAL_RCC_ADC12_CLK_ENABLED                0x20000008   Data           4  adc.o(.data)
    .data                                    0x2000000c   Section       12  stm32g4xx_hal.o(.data)
    .data                                    0x20000018   Section        4  system_stm32g4xx.o(.data)
    .data                                    0x2000001c   Section       16  system.o(.data)
    .data                                    0x2000002c   Section       12  user.o(.data)
    .data                                    0x20000038   Section        4  stdout.o(.data)
    .bss                                     0x2000003c   Section      408  adc.o(.bss)
    .bss                                     0x200001d4   Section      228  tim.o(.bss)
    .bss                                     0x200002b8   Section      240  usart.o(.bss)
    .bss                                     0x200003a8   Section      240  system.o(.bss)
    .bss                                     0x20000498   Section       20  user.o(.bss)
    STACK                                    0x200004b0   Section     1024  startup_stm32g431xx.o(STACK)

    Global Symbols

    Symbol Name                              Value     Ov Type        Size  Object(Section)

    BuildAttributes$$THM_ISAv4$E$P$D$K$B$S$7EM$VFPi3$EXTD16$VFPS$VFMA$PE$A:L22UL41UL21$X:L11$S22US41US21$IEEE1$IW$USESV6$~STKCKD$USESV7$~SHL$OSPACE$ROPI$EBA8$MICROLIB$REQ8$PRES8$EABIv2 0x00000000   Number         0  anon$$obj.o ABSOLUTE
    __ARM_use_no_argv                        0x00000000   Number         0  main.o ABSOLUTE
    _printf_a                                0x00000000   Number         0  stubs.o ABSOLUTE
    _printf_c                                0x00000000   Number         0  stubs.o ABSOLUTE
    _printf_charcount                        0x00000000   Number         0  stubs.o ABSOLUTE
    _printf_d                                0x00000000   Number         0  stubs.o ABSOLUTE
    _printf_e                                0x00000000   Number         0  stubs.o ABSOLUTE
    _printf_f                                0x00000000   Number         0  stubs.o ABSOLUTE
    _printf_flags                            0x00000000   Number         0  stubs.o ABSOLUTE
    _printf_fp_dec                           0x00000000   Number         0  stubs.o ABSOLUTE
    _printf_fp_hex                           0x00000000   Number         0  stubs.o ABSOLUTE
    _printf_g                                0x00000000   Number         0  stubs.o ABSOLUTE
    _printf_i                                0x00000000   Number         0  stubs.o ABSOLUTE
    _printf_int_dec                          0x00000000   Number         0  stubs.o ABSOLUTE
    _printf_l                                0x00000000   Number         0  stubs.o ABSOLUTE
    _printf_lc                               0x00000000   Number         0  stubs.o ABSOLUTE
    _printf_ll                               0x00000000   Number         0  stubs.o ABSOLUTE
    _printf_lld                              0x00000000   Number         0  stubs.o ABSOLUTE
    _printf_lli                              0x00000000   Number         0  stubs.o ABSOLUTE
    _printf_llo                              0x00000000   Number         0  stubs.o ABSOLUTE
    _printf_llu                              0x00000000   Number         0  stubs.o ABSOLUTE
    _printf_llx                              0x00000000   Number         0  stubs.o ABSOLUTE
    _printf_longlong_dec                     0x00000000   Number         0  stubs.o ABSOLUTE
    _printf_longlong_hex                     0x00000000   Number         0  stubs.o ABSOLUTE
    _printf_longlong_oct                     0x00000000   Number         0  stubs.o ABSOLUTE
    _printf_ls                               0x00000000   Number         0  stubs.o ABSOLUTE
    _printf_mbtowc                           0x00000000   Number         0  stubs.o ABSOLUTE
    _printf_n                                0x00000000   Number         0  stubs.o ABSOLUTE
    _printf_o                                0x00000000   Number         0  stubs.o ABSOLUTE
    _printf_p                                0x00000000   Number         0  stubs.o ABSOLUTE
    _printf_percent                          0x00000000   Number         0  stubs.o ABSOLUTE
    _printf_pre_padding                      0x00000000   Number         0  stubs.o ABSOLUTE
    _printf_return_value                     0x00000000   Number         0  stubs.o ABSOLUTE
    _printf_s                                0x00000000   Number         0  stubs.o ABSOLUTE
    _printf_sizespec                         0x00000000   Number         0  stubs.o ABSOLUTE
    _printf_str                              0x00000000   Number         0  stubs.o ABSOLUTE
    _printf_truncate_signed                  0x00000000   Number         0  stubs.o ABSOLUTE
    _printf_truncate_unsigned                0x00000000   Number         0  stubs.o ABSOLUTE
    _printf_u                                0x00000000   Number         0  stubs.o ABSOLUTE
    _printf_wc                               0x00000000   Number         0  stubs.o ABSOLUTE
    _printf_wctomb                           0x00000000   Number         0  stubs.o ABSOLUTE
    _printf_widthprec                        0x00000000   Number         0  stubs.o ABSOLUTE
    _printf_x                                0x00000000   Number         0  stubs.o ABSOLUTE
    __cpp_initialize__aeabi_                  - Undefined Weak Reference
    __cxa_finalize                            - Undefined Weak Reference
    __decompress                              - Undefined Weak Reference
    _clock_init                               - Undefined Weak Reference
    _microlib_exit                            - Undefined Weak Reference
    __Vectors_Size                           0x000001d8   Number         0  startup_stm32g431xx.o ABSOLUTE
    __Vectors                                0x08000000   Data           4  startup_stm32g431xx.o(RESET)
    __Vectors_End                            0x080001d8   Data           0  startup_stm32g431xx.o(RESET)
    __main                                   0x080001d9   Thumb Code     0  entry.o(.ARM.Collect$$$$00000000)
    _main_stk                                0x080001d9   Thumb Code     0  entry2.o(.ARM.Collect$$$$00000001)
    _main_scatterload                        0x080001dd   Thumb Code     0  entry5.o(.ARM.Collect$$$$00000004)
    __main_after_scatterload                 0x080001e1   Thumb Code     0  entry5.o(.ARM.Collect$$$$00000004)
    _main_clock                              0x080001e1   Thumb Code     0  entry7b.o(.ARM.Collect$$$$00000008)
    _main_cpp_init                           0x080001e1   Thumb Code     0  entry8b.o(.ARM.Collect$$$$0000000A)
    _main_init                               0x080001e1   Thumb Code     0  entry9a.o(.ARM.Collect$$$$0000000B)
    __rt_final_cpp                           0x080001e9   Thumb Code     0  entry10a.o(.ARM.Collect$$$$0000000D)
    __rt_final_exit                          0x080001e9   Thumb Code     0  entry11a.o(.ARM.Collect$$$$0000000F)
    Reset_Handler                            0x080001ed   Thumb Code     8  startup_stm32g431xx.o(.text)
    COMP1_2_3_IRQHandler                     0x08000207   Thumb Code     0  startup_stm32g431xx.o(.text)
    COMP4_IRQHandler                         0x08000207   Thumb Code     0  startup_stm32g431xx.o(.text)
    CORDIC_IRQHandler                        0x08000207   Thumb Code     0  startup_stm32g431xx.o(.text)
    CRS_IRQHandler                           0x08000207   Thumb Code     0  startup_stm32g431xx.o(.text)
    DMA1_Channel4_IRQHandler                 0x08000207   Thumb Code     0  startup_stm32g431xx.o(.text)
    DMA1_Channel5_IRQHandler                 0x08000207   Thumb Code     0  startup_stm32g431xx.o(.text)
    DMA1_Channel6_IRQHandler                 0x08000207   Thumb Code     0  startup_stm32g431xx.o(.text)
    DMA2_Channel1_IRQHandler                 0x08000207   Thumb Code     0  startup_stm32g431xx.o(.text)
    DMA2_Channel2_IRQHandler                 0x08000207   Thumb Code     0  startup_stm32g431xx.o(.text)
    DMA2_Channel3_IRQHandler                 0x08000207   Thumb Code     0  startup_stm32g431xx.o(.text)
    DMA2_Channel4_IRQHandler                 0x08000207   Thumb Code     0  startup_stm32g431xx.o(.text)
    DMA2_Channel5_IRQHandler                 0x08000207   Thumb Code     0  startup_stm32g431xx.o(.text)
    DMA2_Channel6_IRQHandler                 0x08000207   Thumb Code     0  startup_stm32g431xx.o(.text)
    DMAMUX_OVR_IRQHandler                    0x08000207   Thumb Code     0  startup_stm32g431xx.o(.text)
    EXTI0_IRQHandler                         0x08000207   Thumb Code     0  startup_stm32g431xx.o(.text)
    EXTI15_10_IRQHandler                     0x08000207   Thumb Code     0  startup_stm32g431xx.o(.text)
    EXTI1_IRQHandler                         0x08000207   Thumb Code     0  startup_stm32g431xx.o(.text)
    EXTI2_IRQHandler                         0x08000207   Thumb Code     0  startup_stm32g431xx.o(.text)
    EXTI3_IRQHandler                         0x08000207   Thumb Code     0  startup_stm32g431xx.o(.text)
    EXTI4_IRQHandler                         0x08000207   Thumb Code     0  startup_stm32g431xx.o(.text)
    EXTI9_5_IRQHandler                       0x08000207   Thumb Code     0  startup_stm32g431xx.o(.text)
    FDCAN1_IT0_IRQHandler                    0x08000207   Thumb Code     0  startup_stm32g431xx.o(.text)
    FDCAN1_IT1_IRQHandler                    0x08000207   Thumb Code     0  startup_stm32g431xx.o(.text)
    FLASH_IRQHandler                         0x08000207   Thumb Code     0  startup_stm32g431xx.o(.text)
    FMAC_IRQHandler                          0x08000207   Thumb Code     0  startup_stm32g431xx.o(.text)
    FPU_IRQHandler                           0x08000207   Thumb Code     0  startup_stm32g431xx.o(.text)
    I2C1_ER_IRQHandler                       0x08000207   Thumb Code     0  startup_stm32g431xx.o(.text)
    I2C1_EV_IRQHandler                       0x08000207   Thumb Code     0  startup_stm32g431xx.o(.text)
    I2C2_ER_IRQHandler                       0x08000207   Thumb Code     0  startup_stm32g431xx.o(.text)
    I2C2_EV_IRQHandler                       0x08000207   Thumb Code     0  startup_stm32g431xx.o(.text)
    I2C3_ER_IRQHandler                       0x08000207   Thumb Code     0  startup_stm32g431xx.o(.text)
    I2C3_EV_IRQHandler                       0x08000207   Thumb Code     0  startup_stm32g431xx.o(.text)
    LPTIM1_IRQHandler                        0x08000207   Thumb Code     0  startup_stm32g431xx.o(.text)
    LPUART1_IRQHandler                       0x08000207   Thumb Code     0  startup_stm32g431xx.o(.text)
    PVD_PVM_IRQHandler                       0x08000207   Thumb Code     0  startup_stm32g431xx.o(.text)
    RCC_IRQHandler                           0x08000207   Thumb Code     0  startup_stm32g431xx.o(.text)
    RNG_IRQHandler                           0x08000207   Thumb Code     0  startup_stm32g431xx.o(.text)
    RTC_Alarm_IRQHandler                     0x08000207   Thumb Code     0  startup_stm32g431xx.o(.text)
    RTC_TAMP_LSECSS_IRQHandler               0x08000207   Thumb Code     0  startup_stm32g431xx.o(.text)
    RTC_WKUP_IRQHandler                      0x08000207   Thumb Code     0  startup_stm32g431xx.o(.text)
    SAI1_IRQHandler                          0x08000207   Thumb Code     0  startup_stm32g431xx.o(.text)
    SPI1_IRQHandler                          0x08000207   Thumb Code     0  startup_stm32g431xx.o(.text)
    SPI2_IRQHandler                          0x08000207   Thumb Code     0  startup_stm32g431xx.o(.text)
    SPI3_IRQHandler                          0x08000207   Thumb Code     0  startup_stm32g431xx.o(.text)
    TIM1_BRK_TIM15_IRQHandler                0x08000207   Thumb Code     0  startup_stm32g431xx.o(.text)
    TIM1_CC_IRQHandler                       0x08000207   Thumb Code     0  startup_stm32g431xx.o(.text)
    TIM2_IRQHandler                          0x08000207   Thumb Code     0  startup_stm32g431xx.o(.text)
    TIM3_IRQHandler                          0x08000207   Thumb Code     0  startup_stm32g431xx.o(.text)
    TIM4_IRQHandler                          0x08000207   Thumb Code     0  startup_stm32g431xx.o(.text)
    TIM6_DAC_IRQHandler                      0x08000207   Thumb Code     0  startup_stm32g431xx.o(.text)
    TIM7_IRQHandler                          0x08000207   Thumb Code     0  startup_stm32g431xx.o(.text)
    TIM8_BRK_IRQHandler                      0x08000207   Thumb Code     0  startup_stm32g431xx.o(.text)
    TIM8_CC_IRQHandler                       0x08000207   Thumb Code     0  startup_stm32g431xx.o(.text)
    TIM8_TRG_COM_IRQHandler                  0x08000207   Thumb Code     0  startup_stm32g431xx.o(.text)
    TIM8_UP_IRQHandler                       0x08000207   Thumb Code     0  startup_stm32g431xx.o(.text)
    UART4_IRQHandler                         0x08000207   Thumb Code     0  startup_stm32g431xx.o(.text)
    UCPD1_IRQHandler                         0x08000207   Thumb Code     0  startup_stm32g431xx.o(.text)
    USART1_IRQHandler                        0x08000207   Thumb Code     0  startup_stm32g431xx.o(.text)
    USART2_IRQHandler                        0x08000207   Thumb Code     0  startup_stm32g431xx.o(.text)
    USART3_IRQHandler                        0x08000207   Thumb Code     0  startup_stm32g431xx.o(.text)
    USBWakeUp_IRQHandler                     0x08000207   Thumb Code     0  startup_stm32g431xx.o(.text)
    USB_HP_IRQHandler                        0x08000207   Thumb Code     0  startup_stm32g431xx.o(.text)
    USB_LP_IRQHandler                        0x08000207   Thumb Code     0  startup_stm32g431xx.o(.text)
    WWDG_IRQHandler                          0x08000207   Thumb Code     0  startup_stm32g431xx.o(.text)
    __aeabi_uldivmod                         0x08000211   Thumb Code    98  uldiv.o(.text)
    __aeabi_memset                           0x08000273   Thumb Code    14  memseta.o(.text)
    __aeabi_memset4                          0x08000273   Thumb Code     0  memseta.o(.text)
    __aeabi_memset8                          0x08000273   Thumb Code     0  memseta.o(.text)
    __aeabi_memclr                           0x08000281   Thumb Code     4  memseta.o(.text)
    __aeabi_memclr4                          0x08000281   Thumb Code     0  memseta.o(.text)
    __aeabi_memclr8                          0x08000281   Thumb Code     0  memseta.o(.text)
    _memset$wrapper                          0x08000285   Thumb Code    18  memseta.o(.text)
    __aeabi_f2d                              0x08000297   Thumb Code    38  f2d.o(.text)
    __aeabi_uidiv                            0x080002bd   Thumb Code     0  uidiv.o(.text)
    __aeabi_uidivmod                         0x080002bd   Thumb Code    44  uidiv.o(.text)
    __aeabi_llsl                             0x080002e9   Thumb Code    30  llshl.o(.text)
    _ll_shift_l                              0x080002e9   Thumb Code     0  llshl.o(.text)
    __aeabi_llsr                             0x08000307   Thumb Code    32  llushr.o(.text)
    _ll_ushift_r                             0x08000307   Thumb Code     0  llushr.o(.text)
    __I$use$fp                               0x08000327   Thumb Code     0  iusefp.o(.text)
    __aeabi_dadd                             0x08000327   Thumb Code   322  dadd.o(.text)
    __aeabi_dsub                             0x08000469   Thumb Code     6  dadd.o(.text)
    __aeabi_drsub                            0x0800046f   Thumb Code     6  dadd.o(.text)
    __aeabi_dmul                             0x08000475   Thumb Code   228  dmul.o(.text)
    __aeabi_ddiv                             0x08000559   Thumb Code   222  ddiv.o(.text)
    __aeabi_d2ulz                            0x08000637   Thumb Code    48  dfixul.o(.text)
    __aeabi_cdrcmple                         0x08000669   Thumb Code    48  cdrcmple.o(.text)
    __scatterload                            0x08000699   Thumb Code    28  init.o(.text)
    __scatterload_rt2                        0x08000699   Thumb Code     0  init.o(.text)
    __aeabi_lasr                             0x080006bd   Thumb Code    36  llsshr.o(.text)
    _ll_sshift_r                             0x080006bd   Thumb Code     0  llsshr.o(.text)
    _double_round                            0x080006e1   Thumb Code    30  depilogue.o(.text)
    _double_epilogue                         0x080006ff   Thumb Code   156  depilogue.o(.text)
    ADC1_2_IRQHandler                        0x0800079d   Thumb Code    18  stm32g4xx_it.o(i.ADC1_2_IRQHandler)
    ADC_DMAConvCplt                          0x080007b9   Thumb Code   104  stm32g4xx_hal_adc.o(i.ADC_DMAConvCplt)
    ADC_DMAError                             0x08000821   Thumb Code    26  stm32g4xx_hal_adc.o(i.ADC_DMAError)
    ADC_DMAHalfConvCplt                      0x0800083b   Thumb Code    10  stm32g4xx_hal_adc.o(i.ADC_DMAHalfConvCplt)
    ADC_Enable                               0x08000845   Thumb Code   110  stm32g4xx_hal_adc.o(i.ADC_Enable)
    BusFault_Handler                         0x080008b9   Thumb Code     2  stm32g4xx_it.o(i.BusFault_Handler)
    DMA1_Channel1_IRQHandler                 0x080008bd   Thumb Code     6  stm32g4xx_it.o(i.DMA1_Channel1_IRQHandler)
    DMA1_Channel2_IRQHandler                 0x080008c9   Thumb Code     6  stm32g4xx_it.o(i.DMA1_Channel2_IRQHandler)
    DMA1_Channel3_IRQHandler                 0x080008d5   Thumb Code     6  stm32g4xx_it.o(i.DMA1_Channel3_IRQHandler)
    DebugMon_Handler                         0x08000983   Thumb Code     2  stm32g4xx_it.o(i.DebugMon_Handler)
    Delay_LCD                                0x08000985   Thumb Code    28  lcd.o(i.Delay_LCD)
    Error_Handler                            0x080009a1   Thumb Code     4  main.o(i.Error_Handler)
    HAL_ADCEx_EndOfSamplingCallback          0x080009a5   Thumb Code     2  stm32g4xx_hal_adc_ex.o(i.HAL_ADCEx_EndOfSamplingCallback)
    HAL_ADCEx_InjectedConvCpltCallback       0x080009a7   Thumb Code     2  stm32g4xx_hal_adc_ex.o(i.HAL_ADCEx_InjectedConvCpltCallback)
    HAL_ADCEx_InjectedQueueOverflowCallback  0x080009a9   Thumb Code     2  stm32g4xx_hal_adc_ex.o(i.HAL_ADCEx_InjectedQueueOverflowCallback)
    HAL_ADCEx_LevelOutOfWindow2Callback      0x080009ab   Thumb Code     2  stm32g4xx_hal_adc_ex.o(i.HAL_ADCEx_LevelOutOfWindow2Callback)
    HAL_ADCEx_LevelOutOfWindow3Callback      0x080009ad   Thumb Code     2  stm32g4xx_hal_adc_ex.o(i.HAL_ADCEx_LevelOutOfWindow3Callback)
    HAL_ADCEx_MultiModeConfigChannel         0x080009b1   Thumb Code   208  stm32g4xx_hal_adc_ex.o(i.HAL_ADCEx_MultiModeConfigChannel)
    HAL_ADC_ConfigChannel                    0x08000a89   Thumb Code  1006  stm32g4xx_hal_adc.o(i.HAL_ADC_ConfigChannel)
    HAL_ADC_ConvCpltCallback                 0x08000ead   Thumb Code     2  stm32g4xx_hal_adc.o(i.HAL_ADC_ConvCpltCallback)
    HAL_ADC_ConvHalfCpltCallback             0x08000eaf   Thumb Code     2  stm32g4xx_hal_adc.o(i.HAL_ADC_ConvHalfCpltCallback)
    HAL_ADC_ErrorCallback                    0x08000eb1   Thumb Code     2  stm32g4xx_hal_adc.o(i.HAL_ADC_ErrorCallback)
    HAL_ADC_IRQHandler                       0x08000eb5   Thumb Code   612  stm32g4xx_hal_adc.o(i.HAL_ADC_IRQHandler)
    HAL_ADC_Init                             0x08001121   Thumb Code   476  stm32g4xx_hal_adc.o(i.HAL_ADC_Init)
    HAL_ADC_LevelOutOfWindowCallback         0x0800131d   Thumb Code     2  stm32g4xx_hal_adc.o(i.HAL_ADC_LevelOutOfWindowCallback)
    HAL_ADC_MspInit                          0x08001321   Thumb Code   326  adc.o(i.HAL_ADC_MspInit)
    HAL_ADC_Start_DMA                        0x08001481   Thumb Code   214  stm32g4xx_hal_adc.o(i.HAL_ADC_Start_DMA)
    HAL_DMA_IRQHandler                       0x08001571   Thumb Code   186  stm32g4xx_hal_dma.o(i.HAL_DMA_IRQHandler)
    HAL_DMA_Init                             0x0800162d   Thumb Code   178  stm32g4xx_hal_dma.o(i.HAL_DMA_Init)
    HAL_DMA_Start_IT                         0x080016ed   Thumb Code   140  stm32g4xx_hal_dma.o(i.HAL_DMA_Start_IT)
    HAL_Delay                                0x08001779   Thumb Code    32  stm32g4xx_hal.o(i.HAL_Delay)
    HAL_GPIO_Init                            0x0800179d   Thumb Code   422  stm32g4xx_hal_gpio.o(i.HAL_GPIO_Init)
    HAL_GPIO_ReadPin                         0x08001965   Thumb Code    10  stm32g4xx_hal_gpio.o(i.HAL_GPIO_ReadPin)
    HAL_GPIO_WritePin                        0x0800196f   Thumb Code    10  stm32g4xx_hal_gpio.o(i.HAL_GPIO_WritePin)
    HAL_GetTick                              0x08001979   Thumb Code     6  stm32g4xx_hal.o(i.HAL_GetTick)
    HAL_IncTick                              0x08001985   Thumb Code    12  stm32g4xx_hal.o(i.HAL_IncTick)
    HAL_Init                                 0x08001995   Thumb Code    30  stm32g4xx_hal.o(i.HAL_Init)
    HAL_InitTick                             0x080019b5   Thumb Code    58  stm32g4xx_hal.o(i.HAL_InitTick)
    HAL_MspInit                              0x080019f9   Thumb Code    42  stm32g4xx_hal_msp.o(i.HAL_MspInit)
    HAL_NVIC_EnableIRQ                       0x08001a29   Thumb Code    26  stm32g4xx_hal_cortex.o(i.HAL_NVIC_EnableIRQ)
    HAL_NVIC_SetPriority                     0x08001a45   Thumb Code    60  stm32g4xx_hal_cortex.o(i.HAL_NVIC_SetPriority)
    HAL_NVIC_SetPriorityGrouping             0x08001a85   Thumb Code    26  stm32g4xx_hal_cortex.o(i.HAL_NVIC_SetPriorityGrouping)
    HAL_PWREx_ControlVoltageScaling          0x08001aa9   Thumb Code   174  stm32g4xx_hal_pwr_ex.o(i.HAL_PWREx_ControlVoltageScaling)
    HAL_PWREx_DisableUCPDDeadBattery         0x08001b65   Thumb Code    12  stm32g4xx_hal_pwr_ex.o(i.HAL_PWREx_DisableUCPDDeadBattery)
    HAL_RCCEx_PeriphCLKConfig                0x08001b75   Thumb Code   638  stm32g4xx_hal_rcc_ex.o(i.HAL_RCCEx_PeriphCLKConfig)
    HAL_RCC_ClockConfig                      0x08001dfd   Thumb Code   444  stm32g4xx_hal_rcc.o(i.HAL_RCC_ClockConfig)
    HAL_RCC_GetPCLK1Freq                     0x08001fd9   Thumb Code    24  stm32g4xx_hal_rcc.o(i.HAL_RCC_GetPCLK1Freq)
    HAL_RCC_GetPCLK2Freq                     0x08001ffd   Thumb Code    24  stm32g4xx_hal_rcc.o(i.HAL_RCC_GetPCLK2Freq)
    HAL_RCC_GetSysClockFreq                  0x08002021   Thumb Code    98  stm32g4xx_hal_rcc.o(i.HAL_RCC_GetSysClockFreq)
    HAL_RCC_OscConfig                        0x08002091   Thumb Code  1036  stm32g4xx_hal_rcc.o(i.HAL_RCC_OscConfig)
    HAL_SYSTICK_Config                       0x0800249d   Thumb Code    40  stm32g4xx_hal_cortex.o(i.HAL_SYSTICK_Config)
    HAL_TIMEx_Break2Callback                 0x080024c5   Thumb Code     2  stm32g4xx_hal_tim_ex.o(i.HAL_TIMEx_Break2Callback)
    HAL_TIMEx_BreakCallback                  0x080024c7   Thumb Code     2  stm32g4xx_hal_tim_ex.o(i.HAL_TIMEx_BreakCallback)
    HAL_TIMEx_CommutCallback                 0x080024c9   Thumb Code     2  stm32g4xx_hal_tim_ex.o(i.HAL_TIMEx_CommutCallback)
    HAL_TIMEx_DirectionChangeCallback        0x080024cb   Thumb Code     2  stm32g4xx_hal_tim_ex.o(i.HAL_TIMEx_DirectionChangeCallback)
    HAL_TIMEx_EncoderIndexCallback           0x080024cd   Thumb Code     2  stm32g4xx_hal_tim_ex.o(i.HAL_TIMEx_EncoderIndexCallback)
    HAL_TIMEx_IndexErrorCallback             0x080024cf   Thumb Code     2  stm32g4xx_hal_tim_ex.o(i.HAL_TIMEx_IndexErrorCallback)
    HAL_TIMEx_MasterConfigSynchronization    0x080024d1   Thumb Code   132  stm32g4xx_hal_tim_ex.o(i.HAL_TIMEx_MasterConfigSynchronization)
    HAL_TIMEx_TransitionErrorCallback        0x0800256d   Thumb Code     2  stm32g4xx_hal_tim_ex.o(i.HAL_TIMEx_TransitionErrorCallback)
    HAL_TIM_Base_Init                        0x0800256f   Thumb Code    98  stm32g4xx_hal_tim.o(i.HAL_TIM_Base_Init)
    HAL_TIM_Base_MspInit                     0x080025d1   Thumb Code   142  tim.o(i.HAL_TIM_Base_MspInit)
    HAL_TIM_Base_Start_IT                    0x0800266d   Thumb Code    94  stm32g4xx_hal_tim.o(i.HAL_TIM_Base_Start_IT)
    HAL_TIM_ConfigClockSource                0x080026e5   Thumb Code   240  stm32g4xx_hal_tim.o(i.HAL_TIM_ConfigClockSource)
    HAL_TIM_IC_CaptureCallback               0x080027dd   Thumb Code    44  system.o(i.HAL_TIM_IC_CaptureCallback)
    HAL_TIM_IC_ConfigChannel                 0x08002815   Thumb Code   270  stm32g4xx_hal_tim.o(i.HAL_TIM_IC_ConfigChannel)
    HAL_TIM_IC_Init                          0x08002923   Thumb Code    98  stm32g4xx_hal_tim.o(i.HAL_TIM_IC_Init)
    HAL_TIM_IC_MspInit                       0x08002985   Thumb Code     2  stm32g4xx_hal_tim.o(i.HAL_TIM_IC_MspInit)
    HAL_TIM_IC_Start_IT                      0x08002989   Thumb Code   272  stm32g4xx_hal_tim.o(i.HAL_TIM_IC_Start_IT)
    HAL_TIM_IRQHandler                       0x08002ab1   Thumb Code   508  stm32g4xx_hal_tim.o(i.HAL_TIM_IRQHandler)
    HAL_TIM_MspPostInit                      0x08002cad   Thumb Code    70  tim.o(i.HAL_TIM_MspPostInit)
    HAL_TIM_OC_DelayElapsedCallback          0x08002cf9   Thumb Code     2  stm32g4xx_hal_tim.o(i.HAL_TIM_OC_DelayElapsedCallback)
    HAL_TIM_PWM_ConfigChannel                0x08002cfb   Thumb Code   286  stm32g4xx_hal_tim.o(i.HAL_TIM_PWM_ConfigChannel)
    HAL_TIM_PWM_Init                         0x08002e19   Thumb Code    98  stm32g4xx_hal_tim.o(i.HAL_TIM_PWM_Init)
    HAL_TIM_PWM_MspInit                      0x08002e7d   Thumb Code    30  tim.o(i.HAL_TIM_PWM_MspInit)
    HAL_TIM_PWM_PulseFinishedCallback        0x08002ea1   Thumb Code     2  stm32g4xx_hal_tim.o(i.HAL_TIM_PWM_PulseFinishedCallback)
    HAL_TIM_PWM_Start                        0x08002ea5   Thumb Code   218  stm32g4xx_hal_tim.o(i.HAL_TIM_PWM_Start)
    HAL_TIM_PeriodElapsedCallback            0x08002fa1   Thumb Code    18  system.o(i.HAL_TIM_PeriodElapsedCallback)
    HAL_TIM_TriggerCallback                  0x08002fbd   Thumb Code     2  stm32g4xx_hal_tim.o(i.HAL_TIM_TriggerCallback)
    HAL_UARTEx_DisableFifoMode               0x08002fbf   Thumb Code    62  stm32g4xx_hal_uart_ex.o(i.HAL_UARTEx_DisableFifoMode)
    HAL_UARTEx_SetRxFifoThreshold            0x08002ffd   Thumb Code    76  stm32g4xx_hal_uart_ex.o(i.HAL_UARTEx_SetRxFifoThreshold)
    HAL_UARTEx_SetTxFifoThreshold            0x08003049   Thumb Code    76  stm32g4xx_hal_uart_ex.o(i.HAL_UARTEx_SetTxFifoThreshold)
    HAL_UART_Init                            0x08003095   Thumb Code   106  stm32g4xx_hal_uart.o(i.HAL_UART_Init)
    HAL_UART_MspInit                         0x08003101   Thumb Code   164  usart.o(i.HAL_UART_MspInit)
    HAL_UART_Transmit                        0x080031b5   Thumb Code   188  stm32g4xx_hal_uart.o(i.HAL_UART_Transmit)
    HardFault_Handler                        0x08003271   Thumb Code     2  stm32g4xx_it.o(i.HardFault_Handler)
    I2CInit                                  0x08003275   Thumb Code    38  i2c_hal.o(i.I2CInit)
    I2CReceiveByte                           0x080032a1   Thumb Code    78  i2c_hal.o(i.I2CReceiveByte)
    I2CSendAck                               0x080032ef   Thumb Code    48  i2c_hal.o(i.I2CSendAck)
    I2CSendByte                              0x0800331f   Thumb Code    78  i2c_hal.o(i.I2CSendByte)
    I2CSendNotAck                            0x0800336d   Thumb Code    48  i2c_hal.o(i.I2CSendNotAck)
    I2CStart                                 0x0800339d   Thumb Code    54  i2c_hal.o(i.I2CStart)
    I2CStop                                  0x080033d3   Thumb Code    54  i2c_hal.o(i.I2CStop)
    LCD_BusIn                                0x08003409   Thumb Code    40  lcd.o(i.LCD_BusIn)
    LCD_BusOut                               0x08003435   Thumb Code    42  lcd.o(i.LCD_BusOut)
    LCD_Clear                                0x08003465   Thumb Code    36  lcd.o(i.LCD_Clear)
    LCD_CtrlLinesConfig                      0x08003489   Thumb Code   136  lcd.o(i.LCD_CtrlLinesConfig)
    LCD_DisplayChar                          0x08003519   Thumb Code    18  lcd.o(i.LCD_DisplayChar)
    LCD_DisplayStringLine                    0x08003531   Thumb Code    42  lcd.o(i.LCD_DisplayStringLine)
    LCD_DrawChar                             0x0800355d   Thumb Code    84  lcd.o(i.LCD_DrawChar)
    LCD_Init                                 0x080035b5   Thumb Code    46  lcd.o(i.LCD_Init)
    LCD_ReadReg                              0x080035e9   Thumb Code   120  lcd.o(i.LCD_ReadReg)
    LCD_SetBackColor                         0x08003669   Thumb Code    12  lcd.o(i.LCD_SetBackColor)
    LCD_SetCursor                            0x08003679   Thumb Code    24  lcd.o(i.LCD_SetCursor)
    LCD_SetTextColor                         0x08003691   Thumb Code    12  lcd.o(i.LCD_SetTextColor)
    LCD_WriteRAM                             0x080036a1   Thumb Code    80  lcd.o(i.LCD_WriteRAM)
    LCD_WriteRAM_Prepare                     0x080036f9   Thumb Code    82  lcd.o(i.LCD_WriteRAM_Prepare)
    LCD_WriteReg                             0x08003755   Thumb Code   100  lcd.o(i.LCD_WriteReg)
    MX_ADC1_Init                             0x08003825   Thumb Code   136  adc.o(i.MX_ADC1_Init)
    MX_ADC2_Init                             0x080038b5   Thumb Code   112  adc.o(i.MX_ADC2_Init)
    MX_DMA_Init                              0x08003931   Thumb Code    88  dma.o(i.MX_DMA_Init)
    MX_GPIO_Init                             0x0800398d   Thumb Code   194  gpio.o(i.MX_GPIO_Init)
    MX_TIM17_Init                            0x08003a61   Thumb Code    88  tim.o(i.MX_TIM17_Init)
    MX_TIM1_Init                             0x08003ac1   Thumb Code   100  tim.o(i.MX_TIM1_Init)
    MX_TIM2_Init                             0x08003b2d   Thumb Code   108  tim.o(i.MX_TIM2_Init)
    MX_USART1_UART_Init                      0x08003b9d   Thumb Code    94  usart.o(i.MX_USART1_UART_Init)
    MemManage_Handler                        0x08003c05   Thumb Code     2  stm32g4xx_it.o(i.MemManage_Handler)
    NMI_Handler                              0x08003c07   Thumb Code     2  stm32g4xx_it.o(i.NMI_Handler)
    PendSV_Handler                           0x08003c09   Thumb Code     2  stm32g4xx_it.o(i.PendSV_Handler)
    REG_8230_Init                            0x08003c0b   Thumb Code   274  lcd.o(i.REG_8230_Init)
    REG_932X_Init                            0x08003d1d   Thumb Code   514  lcd.o(i.REG_932X_Init)
    SCL_Output                               0x08003f21   Thumb Code    20  i2c_hal.o(i.SCL_Output)
    SDA_Input                                0x08003f39   Thumb Code    18  i2c_hal.o(i.SDA_Input)
    SDA_Input_Mode                           0x08003f51   Thumb Code    40  i2c_hal.o(i.SDA_Input_Mode)
    SDA_Output                               0x08003f7d   Thumb Code    20  i2c_hal.o(i.SDA_Output)
    SDA_Output_Mode                          0x08003f95   Thumb Code    40  i2c_hal.o(i.SDA_Output_Mode)
    SVC_Handler                              0x08003fc1   Thumb Code     2  stm32g4xx_it.o(i.SVC_Handler)
    SysTick_Handler                          0x08003fc3   Thumb Code     4  stm32g4xx_it.o(i.SysTick_Handler)
    SystemClock_Config                       0x08003fc7   Thumb Code   102  main.o(i.SystemClock_Config)
    SystemInit                               0x0800402d   Thumb Code    12  system_stm32g4xx.o(i.SystemInit)
    TIM1_TRG_COM_TIM17_IRQHandler            0x0800403d   Thumb Code    18  stm32g4xx_it.o(i.TIM1_TRG_COM_TIM17_IRQHandler)
    TIM1_UP_TIM16_IRQHandler                 0x08004059   Thumb Code     6  stm32g4xx_it.o(i.TIM1_UP_TIM16_IRQHandler)
    TIM_Base_SetConfig                       0x08004065   Thumb Code   146  stm32g4xx_hal_tim.o(i.TIM_Base_SetConfig)
    TIM_CCxChannelCmd                        0x08004115   Thumb Code    26  stm32g4xx_hal_tim.o(i.TIM_CCxChannelCmd)
    TIM_ETR_SetConfig                        0x0800412f   Thumb Code    20  stm32g4xx_hal_tim.o(i.TIM_ETR_SetConfig)
    TIM_OC2_SetConfig                        0x080041f5   Thumb Code   120  stm32g4xx_hal_tim.o(i.TIM_OC2_SetConfig)
    TIM_TI1_SetConfig                        0x080044a9   Thumb Code    88  stm32g4xx_hal_tim.o(i.TIM_TI1_SetConfig)
    UART_AdvFeatureConfig                    0x080045b5   Thumb Code   200  stm32g4xx_hal_uart.o(i.UART_AdvFeatureConfig)
    UART_CheckIdleState                      0x0800467d   Thumb Code    96  stm32g4xx_hal_uart.o(i.UART_CheckIdleState)
    UART_SetConfig                           0x080046dd   Thumb Code   582  stm32g4xx_hal_uart.o(i.UART_SetConfig)
    UART_WaitOnFlagUntilTimeout              0x08004951   Thumb Code   164  stm32g4xx_hal_uart.o(i.UART_WaitOnFlagUntilTimeout)
    UsageFault_Handler                       0x080049f5   Thumb Code     2  stm32g4xx_it.o(i.UsageFault_Handler)
    __0printf                                0x080049f9   Thumb Code    22  printfa.o(i.__0printf)
    __1printf                                0x080049f9   Thumb Code     0  printfa.o(i.__0printf)
    __2printf                                0x080049f9   Thumb Code     0  printfa.o(i.__0printf)
    __c89printf                              0x080049f9   Thumb Code     0  printfa.o(i.__0printf)
    printf                                   0x080049f9   Thumb Code     0  printfa.o(i.__0printf)
    __0sprintf                               0x08004a19   Thumb Code    34  printfa.o(i.__0sprintf)
    __1sprintf                               0x08004a19   Thumb Code     0  printfa.o(i.__0sprintf)
    __2sprintf                               0x08004a19   Thumb Code     0  printfa.o(i.__0sprintf)
    __c89sprintf                             0x08004a19   Thumb Code     0  printfa.o(i.__0sprintf)
    sprintf                                  0x08004a19   Thumb Code     0  printfa.o(i.__0sprintf)
    __scatterload_copy                       0x08004a61   Thumb Code    14  handlers.o(i.__scatterload_copy)
    __scatterload_null                       0x08004a6f   Thumb Code     2  handlers.o(i.__scatterload_null)
    __scatterload_zeroinit                   0x08004a71   Thumb Code    14  handlers.o(i.__scatterload_zeroinit)
    adc_show                                 0x0800533d   Thumb Code    94  system.o(i.adc_show)
    eeprom_read                              0x080053b5   Thumb Code    64  system.o(i.eeprom_read)
    eeprom_write                             0x080053f5   Thumb Code    54  system.o(i.eeprom_write)
    fputc                                    0x0800542d   Thumb Code    18  system.o(i.fputc)
    key_read                                 0x08005445   Thumb Code    60  user.o(i.key_read)
    key_show                                 0x08005485   Thumb Code   226  user.o(i.key_show)
    lcd_text                                 0x08005579   Thumb Code   144  user.o(i.lcd_text)
    led_disp                                 0x080056b5   Thumb Code    36  user.o(i.led_disp)
    main                                     0x080056e1   Thumb Code   106  main.o(i.main)
    system_init                              0x08005769   Thumb Code    64  system.o(i.system_init)
    ASCII_Table                              0x080057b0   Data        4560  lcd.o(.constdata)
    UARTPrescTable                           0x08006980   Data          24  stm32g4xx_hal_uart.o(.constdata)
    AHBPrescTable                            0x080069a8   Data          16  system_stm32g4xx.o(.constdata)
    APBPrescTable                            0x080069b8   Data           8  system_stm32g4xx.o(.constdata)
    Region$$Table$$Base                      0x080069c0   Number         0  anon$$obj.o(Region$$Table)
    Region$$Table$$Limit                     0x080069e0   Number         0  anon$$obj.o(Region$$Table)
    dummy                                    0x20000004   Data           2  lcd.o(.data)
    uwTickPrio                               0x2000000c   Data           4  stm32g4xx_hal.o(.data)
    uwTickFreq                               0x20000010   Data           4  stm32g4xx_hal.o(.data)
    uwTick                                   0x20000014   Data           4  stm32g4xx_hal.o(.data)
    SystemCoreClock                          0x20000018   Data           4  system_stm32g4xx.o(.data)
    value                                    0x2000001c   Data           4  system.o(.data)
    fre                                      0x20000020   Data           4  system.o(.data)
    adc1                                     0x20000024   Data           4  system.o(.data)
    adc2                                     0x20000028   Data           4  system.o(.data)
    key_state                                0x2000002c   Data           1  user.o(.data)
    key_tick                                 0x2000002e   Data           2  user.o(.data)
    count                                    0x20000030   Data           4  user.o(.data)
    feng                                     0x20000034   Data           4  user.o(.data)
    __stdout                                 0x20000038   Data           4  stdout.o(.data)
    hadc1                                    0x2000003c   Data         108  adc.o(.bss)
    hadc2                                    0x200000a8   Data         108  adc.o(.bss)
    hdma_adc1                                0x20000114   Data          96  adc.o(.bss)
    hdma_adc2                                0x20000174   Data          96  adc.o(.bss)
    htim1                                    0x200001d4   Data          76  tim.o(.bss)
    htim2                                    0x20000220   Data          76  tim.o(.bss)
    htim17                                   0x2000026c   Data          76  tim.o(.bss)
    huart1                                   0x200002b8   Data         144  usart.o(.bss)
    hdma_usart1_rx                           0x20000348   Data          96  usart.o(.bss)
    dma_buff_1                               0x200003a8   Data         120  system.o(.bss)
    dma_buff_2                               0x20000420   Data         120  system.o(.bss)
    text                                     0x20000498   Data          20  user.o(.bss)
    __initial_sp                             0x200008b0   Data           0  startup_stm32g431xx.o(STACK)



==============================================================================

Memory Map of the image

  Image Entry point : 0x080001d9

  Load Region LR_IROM1 (Base: 0x08000000, Size: 0x00006a1c, Max: 0x00020000, ABSOLUTE)

    Execution Region ER_IROM1 (Exec base: 0x08000000, Load base: 0x08000000, Size: 0x000069e0, Max: 0x00020000, ABSOLUTE)

    Exec Addr    Load Addr    Size         Type   Attr      Idx    E Section Name        Object

    0x08000000   0x08000000   0x000001d8   Data   RO            3    RESET               startup_stm32g431xx.o
    0x080001d8   0x080001d8   0x00000000   Code   RO         4621  * .ARM.Collect$$$$00000000  mc_w.l(entry.o)
    0x080001d8   0x080001d8   0x00000004   Code   RO         4891    .ARM.Collect$$$$00000001  mc_w.l(entry2.o)
    0x080001dc   0x080001dc   0x00000004   Code   RO         4894    .ARM.Collect$$$$00000004  mc_w.l(entry5.o)
    0x080001e0   0x080001e0   0x00000000   Code   RO         4896    .ARM.Collect$$$$00000008  mc_w.l(entry7b.o)
    0x080001e0   0x080001e0   0x00000000   Code   RO         4898    .ARM.Collect$$$$0000000A  mc_w.l(entry8b.o)
    0x080001e0   0x080001e0   0x00000008   Code   RO         4899    .ARM.Collect$$$$0000000B  mc_w.l(entry9a.o)
    0x080001e8   0x080001e8   0x00000000   Code   RO         4901    .ARM.Collect$$$$0000000D  mc_w.l(entry10a.o)
    0x080001e8   0x080001e8   0x00000000   Code   RO         4903    .ARM.Collect$$$$0000000F  mc_w.l(entry11a.o)
    0x080001e8   0x080001e8   0x00000004   Code   RO         4892    .ARM.Collect$$$$00002712  mc_w.l(entry2.o)
    0x080001ec   0x080001ec   0x00000024   Code   RO            4    .text               startup_stm32g431xx.o
    0x08000210   0x08000210   0x00000062   Code   RO         4624    .text               mc_w.l(uldiv.o)
    0x08000272   0x08000272   0x00000024   Code   RO         4626    .text               mc_w.l(memseta.o)
    0x08000296   0x08000296   0x00000026   Code   RO         4889    .text               mf_w.l(f2d.o)
    0x080002bc   0x080002bc   0x0000002c   Code   RO         4906    .text               mc_w.l(uidiv.o)
    0x080002e8   0x080002e8   0x0000001e   Code   RO         4908    .text               mc_w.l(llshl.o)
    0x08000306   0x08000306   0x00000020   Code   RO         4910    .text               mc_w.l(llushr.o)
    0x08000326   0x08000326   0x00000000   Code   RO         4912    .text               mc_w.l(iusefp.o)
    0x08000326   0x08000326   0x0000014e   Code   RO         4913    .text               mf_w.l(dadd.o)
    0x08000474   0x08000474   0x000000e4   Code   RO         4915    .text               mf_w.l(dmul.o)
    0x08000558   0x08000558   0x000000de   Code   RO         4917    .text               mf_w.l(ddiv.o)
    0x08000636   0x08000636   0x00000030   Code   RO         4919    .text               mf_w.l(dfixul.o)
    0x08000666   0x08000666   0x00000002   PAD
    0x08000668   0x08000668   0x00000030   Code   RO         4921    .text               mf_w.l(cdrcmple.o)
    0x08000698   0x08000698   0x00000024   Code   RO         4923    .text               mc_w.l(init.o)
    0x080006bc   0x080006bc   0x00000024   Code   RO         4925    .text               mc_w.l(llsshr.o)
    0x080006e0   0x080006e0   0x000000ba   Code   RO         4927    .text               mf_w.l(depilogue.o)
    0x0800079a   0x0800079a   0x00000002   PAD
    0x0800079c   0x0800079c   0x0000001c   Code   RO          715    i.ADC1_2_IRQHandler  stm32g4xx_it.o
    0x080007b8   0x080007b8   0x00000068   Code   RO          852    i.ADC_DMAConvCplt   stm32g4xx_hal_adc.o
    0x08000820   0x08000820   0x0000001a   Code   RO          853    i.ADC_DMAError      stm32g4xx_hal_adc.o
    0x0800083a   0x0800083a   0x0000000a   Code   RO          854    i.ADC_DMAHalfConvCplt  stm32g4xx_hal_adc.o
    0x08000844   0x08000844   0x00000074   Code   RO          856    i.ADC_Enable        stm32g4xx_hal_adc.o
    0x080008b8   0x080008b8   0x00000002   Code   RO          716    i.BusFault_Handler  stm32g4xx_it.o
    0x080008ba   0x080008ba   0x00000002   PAD
    0x080008bc   0x080008bc   0x0000000c   Code   RO          717    i.DMA1_Channel1_IRQHandler  stm32g4xx_it.o
    0x080008c8   0x080008c8   0x0000000c   Code   RO          718    i.DMA1_Channel2_IRQHandler  stm32g4xx_it.o
    0x080008d4   0x080008d4   0x0000000c   Code   RO          719    i.DMA1_Channel3_IRQHandler  stm32g4xx_it.o
    0x080008e0   0x080008e0   0x00000040   Code   RO         2131    i.DMA_CalcDMAMUXChannelBaseAndMask  stm32g4xx_hal_dma.o
    0x08000920   0x08000920   0x00000024   Code   RO         2132    i.DMA_CalcDMAMUXRequestGenBaseAndMask  stm32g4xx_hal_dma.o
    0x08000944   0x08000944   0x0000003e   Code   RO         2133    i.DMA_SetConfig     stm32g4xx_hal_dma.o
    0x08000982   0x08000982   0x00000002   Code   RO          720    i.DebugMon_Handler  stm32g4xx_it.o
    0x08000984   0x08000984   0x0000001c   Code   RO           13    i.Delay_LCD         lcd.o
    0x080009a0   0x080009a0   0x00000004   Code   RO          433    i.Error_Handler     main.o
    0x080009a4   0x080009a4   0x00000002   Code   RO         1093    i.HAL_ADCEx_EndOfSamplingCallback  stm32g4xx_hal_adc_ex.o
    0x080009a6   0x080009a6   0x00000002   Code   RO         1096    i.HAL_ADCEx_InjectedConvCpltCallback  stm32g4xx_hal_adc_ex.o
    0x080009a8   0x080009a8   0x00000002   Code   RO         1099    i.HAL_ADCEx_InjectedQueueOverflowCallback  stm32g4xx_hal_adc_ex.o
    0x080009aa   0x080009aa   0x00000002   Code   RO         1104    i.HAL_ADCEx_LevelOutOfWindow2Callback  stm32g4xx_hal_adc_ex.o
    0x080009ac   0x080009ac   0x00000002   Code   RO         1105    i.HAL_ADCEx_LevelOutOfWindow3Callback  stm32g4xx_hal_adc_ex.o
    0x080009ae   0x080009ae   0x00000002   PAD
    0x080009b0   0x080009b0   0x000000d8   Code   RO         1106    i.HAL_ADCEx_MultiModeConfigChannel  stm32g4xx_hal_adc_ex.o
    0x08000a88   0x08000a88   0x00000424   Code   RO          858    i.HAL_ADC_ConfigChannel  stm32g4xx_hal_adc.o
    0x08000eac   0x08000eac   0x00000002   Code   RO          859    i.HAL_ADC_ConvCpltCallback  stm32g4xx_hal_adc.o
    0x08000eae   0x08000eae   0x00000002   Code   RO          860    i.HAL_ADC_ConvHalfCpltCallback  stm32g4xx_hal_adc.o
    0x08000eb0   0x08000eb0   0x00000002   Code   RO          862    i.HAL_ADC_ErrorCallback  stm32g4xx_hal_adc.o
    0x08000eb2   0x08000eb2   0x00000002   PAD
    0x08000eb4   0x08000eb4   0x0000026c   Code   RO          866    i.HAL_ADC_IRQHandler  stm32g4xx_hal_adc.o
    0x08001120   0x08001120   0x000001fc   Code   RO          867    i.HAL_ADC_Init      stm32g4xx_hal_adc.o
    0x0800131c   0x0800131c   0x00000002   Code   RO          868    i.HAL_ADC_LevelOutOfWindowCallback  stm32g4xx_hal_adc.o
    0x0800131e   0x0800131e   0x00000002   PAD
    0x08001320   0x08001320   0x00000160   Code   RO          529    i.HAL_ADC_MspInit   adc.o
    0x08001480   0x08001480   0x000000f0   Code   RO          875    i.HAL_ADC_Start_DMA  stm32g4xx_hal_adc.o
    0x08001570   0x08001570   0x000000ba   Code   RO         2139    i.HAL_DMA_IRQHandler  stm32g4xx_hal_dma.o
    0x0800162a   0x0800162a   0x00000002   PAD
    0x0800162c   0x0800162c   0x000000c0   Code   RO         2140    i.HAL_DMA_Init      stm32g4xx_hal_dma.o
    0x080016ec   0x080016ec   0x0000008c   Code   RO         2144    i.HAL_DMA_Start_IT  stm32g4xx_hal_dma.o
    0x08001778   0x08001778   0x00000024   Code   RO         1305    i.HAL_Delay         stm32g4xx_hal.o
    0x0800179c   0x0800179c   0x000001c8   Code   RO         1996    i.HAL_GPIO_Init     stm32g4xx_hal_gpio.o
    0x08001964   0x08001964   0x0000000a   Code   RO         1998    i.HAL_GPIO_ReadPin  stm32g4xx_hal_gpio.o
    0x0800196e   0x0800196e   0x0000000a   Code   RO         2000    i.HAL_GPIO_WritePin  stm32g4xx_hal_gpio.o
    0x08001978   0x08001978   0x0000000c   Code   RO         1309    i.HAL_GetTick       stm32g4xx_hal.o
    0x08001984   0x08001984   0x00000010   Code   RO         1312    i.HAL_IncTick       stm32g4xx_hal.o
    0x08001994   0x08001994   0x0000001e   Code   RO         1313    i.HAL_Init          stm32g4xx_hal.o
    0x080019b2   0x080019b2   0x00000002   PAD
    0x080019b4   0x080019b4   0x00000044   Code   RO         1314    i.HAL_InitTick      stm32g4xx_hal.o
    0x080019f8   0x080019f8   0x00000030   Code   RO          827    i.HAL_MspInit       stm32g4xx_hal_msp.o
    0x08001a28   0x08001a28   0x0000001a   Code   RO         2643    i.HAL_NVIC_EnableIRQ  stm32g4xx_hal_cortex.o
    0x08001a42   0x08001a42   0x00000002   PAD
    0x08001a44   0x08001a44   0x00000040   Code   RO         2649    i.HAL_NVIC_SetPriority  stm32g4xx_hal_cortex.o
    0x08001a84   0x08001a84   0x00000024   Code   RO         2650    i.HAL_NVIC_SetPriorityGrouping  stm32g4xx_hal_cortex.o
    0x08001aa8   0x08001aa8   0x000000bc   Code   RO         2399    i.HAL_PWREx_ControlVoltageScaling  stm32g4xx_hal_pwr_ex.o
    0x08001b64   0x08001b64   0x00000010   Code   RO         2411    i.HAL_PWREx_DisableUCPDDeadBattery  stm32g4xx_hal_pwr_ex.o
    0x08001b74   0x08001b74   0x00000288   Code   RO         1658    i.HAL_RCCEx_PeriphCLKConfig  stm32g4xx_hal_rcc_ex.o
    0x08001dfc   0x08001dfc   0x000001dc   Code   RO         1533    i.HAL_RCC_ClockConfig  stm32g4xx_hal_rcc.o
    0x08001fd8   0x08001fd8   0x00000024   Code   RO         1541    i.HAL_RCC_GetPCLK1Freq  stm32g4xx_hal_rcc.o
    0x08001ffc   0x08001ffc   0x00000024   Code   RO         1542    i.HAL_RCC_GetPCLK2Freq  stm32g4xx_hal_rcc.o
    0x08002020   0x08002020   0x00000070   Code   RO         1543    i.HAL_RCC_GetSysClockFreq  stm32g4xx_hal_rcc.o
    0x08002090   0x08002090   0x0000040c   Code   RO         1546    i.HAL_RCC_OscConfig  stm32g4xx_hal_rcc.o
    0x0800249c   0x0800249c   0x00000028   Code   RO         2654    i.HAL_SYSTICK_Config  stm32g4xx_hal_cortex.o
    0x080024c4   0x080024c4   0x00000002   Code   RO         3489    i.HAL_TIMEx_Break2Callback  stm32g4xx_hal_tim_ex.o
    0x080024c6   0x080024c6   0x00000002   Code   RO         3490    i.HAL_TIMEx_BreakCallback  stm32g4xx_hal_tim_ex.o
    0x080024c8   0x080024c8   0x00000002   Code   RO         3491    i.HAL_TIMEx_CommutCallback  stm32g4xx_hal_tim_ex.o
    0x080024ca   0x080024ca   0x00000002   Code   RO         3502    i.HAL_TIMEx_DirectionChangeCallback  stm32g4xx_hal_tim_ex.o
    0x080024cc   0x080024cc   0x00000002   Code   RO         3516    i.HAL_TIMEx_EncoderIndexCallback  stm32g4xx_hal_tim_ex.o
    0x080024ce   0x080024ce   0x00000002   Code   RO         3530    i.HAL_TIMEx_IndexErrorCallback  stm32g4xx_hal_tim_ex.o
    0x080024d0   0x080024d0   0x0000009c   Code   RO         3531    i.HAL_TIMEx_MasterConfigSynchronization  stm32g4xx_hal_tim_ex.o
    0x0800256c   0x0800256c   0x00000002   Code   RO         3552    i.HAL_TIMEx_TransitionErrorCallback  stm32g4xx_hal_tim_ex.o
    0x0800256e   0x0800256e   0x00000062   Code   RO         2775    i.HAL_TIM_Base_Init  stm32g4xx_hal_tim.o
    0x080025d0   0x080025d0   0x0000009c   Code   RO          602    i.HAL_TIM_Base_MspInit  tim.o
    0x0800266c   0x0800266c   0x00000078   Code   RO         2780    i.HAL_TIM_Base_Start_IT  stm32g4xx_hal_tim.o
    0x080026e4   0x080026e4   0x000000f8   Code   RO         2784    i.HAL_TIM_ConfigClockSource  stm32g4xx_hal_tim.o
    0x080027dc   0x080027dc   0x00000038   Code   RO         4488    i.HAL_TIM_IC_CaptureCallback  system.o
    0x08002814   0x08002814   0x0000010e   Code   RO         2811    i.HAL_TIM_IC_ConfigChannel  stm32g4xx_hal_tim.o
    0x08002922   0x08002922   0x00000062   Code   RO         2814    i.HAL_TIM_IC_Init   stm32g4xx_hal_tim.o
    0x08002984   0x08002984   0x00000002   Code   RO         2816    i.HAL_TIM_IC_MspInit  stm32g4xx_hal_tim.o
    0x08002986   0x08002986   0x00000002   PAD
    0x08002988   0x08002988   0x00000128   Code   RO         2819    i.HAL_TIM_IC_Start_IT  stm32g4xx_hal_tim.o
    0x08002ab0   0x08002ab0   0x000001fc   Code   RO         2823    i.HAL_TIM_IRQHandler  stm32g4xx_hal_tim.o
    0x08002cac   0x08002cac   0x0000004c   Code   RO          603    i.HAL_TIM_MspPostInit  tim.o
    0x08002cf8   0x08002cf8   0x00000002   Code   RO         2826    i.HAL_TIM_OC_DelayElapsedCallback  stm32g4xx_hal_tim.o
    0x08002cfa   0x08002cfa   0x0000011e   Code   RO         2847    i.HAL_TIM_PWM_ConfigChannel  stm32g4xx_hal_tim.o
    0x08002e18   0x08002e18   0x00000062   Code   RO         2850    i.HAL_TIM_PWM_Init  stm32g4xx_hal_tim.o
    0x08002e7a   0x08002e7a   0x00000002   PAD
    0x08002e7c   0x08002e7c   0x00000024   Code   RO          605    i.HAL_TIM_PWM_MspInit  tim.o
    0x08002ea0   0x08002ea0   0x00000002   Code   RO         2853    i.HAL_TIM_PWM_PulseFinishedCallback  stm32g4xx_hal_tim.o
    0x08002ea2   0x08002ea2   0x00000002   PAD
    0x08002ea4   0x08002ea4   0x000000fc   Code   RO         2855    i.HAL_TIM_PWM_Start  stm32g4xx_hal_tim.o
    0x08002fa0   0x08002fa0   0x0000001c   Code   RO         4489    i.HAL_TIM_PeriodElapsedCallback  system.o
    0x08002fbc   0x08002fbc   0x00000002   Code   RO         2866    i.HAL_TIM_TriggerCallback  stm32g4xx_hal_tim.o
    0x08002fbe   0x08002fbe   0x0000003e   Code   RO         4338    i.HAL_UARTEx_DisableFifoMode  stm32g4xx_hal_uart_ex.o
    0x08002ffc   0x08002ffc   0x0000004c   Code   RO         4346    i.HAL_UARTEx_SetRxFifoThreshold  stm32g4xx_hal_uart_ex.o
    0x08003048   0x08003048   0x0000004c   Code   RO         4347    i.HAL_UARTEx_SetTxFifoThreshold  stm32g4xx_hal_uart_ex.o
    0x08003094   0x08003094   0x0000006a   Code   RO         3947    i.HAL_UART_Init     stm32g4xx_hal_uart.o
    0x080030fe   0x080030fe   0x00000002   PAD
    0x08003100   0x08003100   0x000000b4   Code   RO          674    i.HAL_UART_MspInit  usart.o
    0x080031b4   0x080031b4   0x000000bc   Code   RO         3956    i.HAL_UART_Transmit  stm32g4xx_hal_uart.o
    0x08003270   0x08003270   0x00000002   Code   RO          721    i.HardFault_Handler  stm32g4xx_it.o
    0x08003272   0x08003272   0x00000002   PAD
    0x08003274   0x08003274   0x0000002c   Code   RO          333    i.I2CInit           i2c_hal.o
    0x080032a0   0x080032a0   0x0000004e   Code   RO          334    i.I2CReceiveByte    i2c_hal.o
    0x080032ee   0x080032ee   0x00000030   Code   RO          335    i.I2CSendAck        i2c_hal.o
    0x0800331e   0x0800331e   0x0000004e   Code   RO          336    i.I2CSendByte       i2c_hal.o
    0x0800336c   0x0800336c   0x00000030   Code   RO          337    i.I2CSendNotAck     i2c_hal.o
    0x0800339c   0x0800339c   0x00000036   Code   RO          338    i.I2CStart          i2c_hal.o
    0x080033d2   0x080033d2   0x00000036   Code   RO          339    i.I2CStop           i2c_hal.o
    0x08003408   0x08003408   0x0000002c   Code   RO           14    i.LCD_BusIn         lcd.o
    0x08003434   0x08003434   0x00000030   Code   RO           15    i.LCD_BusOut        lcd.o
    0x08003464   0x08003464   0x00000024   Code   RO           16    i.LCD_Clear         lcd.o
    0x08003488   0x08003488   0x00000090   Code   RO           18    i.LCD_CtrlLinesConfig  lcd.o
    0x08003518   0x08003518   0x00000018   Code   RO           19    i.LCD_DisplayChar   lcd.o
    0x08003530   0x08003530   0x0000002a   Code   RO           22    i.LCD_DisplayStringLine  lcd.o
    0x0800355a   0x0800355a   0x00000002   PAD
    0x0800355c   0x0800355c   0x00000058   Code   RO           23    i.LCD_DrawChar      lcd.o
    0x080035b4   0x080035b4   0x00000034   Code   RO           29    i.LCD_Init          lcd.o
    0x080035e8   0x080035e8   0x00000080   Code   RO           32    i.LCD_ReadReg       lcd.o
    0x08003668   0x08003668   0x00000010   Code   RO           33    i.LCD_SetBackColor  lcd.o
    0x08003678   0x08003678   0x00000018   Code   RO           34    i.LCD_SetCursor     lcd.o
    0x08003690   0x08003690   0x00000010   Code   RO           36    i.LCD_SetTextColor  lcd.o
    0x080036a0   0x080036a0   0x00000058   Code   RO           39    i.LCD_WriteRAM      lcd.o
    0x080036f8   0x080036f8   0x0000005c   Code   RO           40    i.LCD_WriteRAM_Prepare  lcd.o
    0x08003754   0x08003754   0x0000006c   Code   RO           41    i.LCD_WriteReg      lcd.o
    0x080037c0   0x080037c0   0x0000000c   Code   RO          881    i.LL_ADC_GetOffsetChannel  stm32g4xx_hal_adc.o
    0x080037cc   0x080037cc   0x00000008   Code   RO          882    i.LL_ADC_INJ_IsConversionOngoing  stm32g4xx_hal_adc.o
    0x080037d4   0x080037d4   0x00000008   Code   RO          883    i.LL_ADC_REG_IsConversionOngoing  stm32g4xx_hal_adc.o
    0x080037dc   0x080037dc   0x00000008   Code   RO         1116    i.LL_ADC_REG_IsConversionOngoing  stm32g4xx_hal_adc_ex.o
    0x080037e4   0x080037e4   0x00000010   Code   RO          884    i.LL_ADC_REG_IsTriggerSourceSWStart  stm32g4xx_hal_adc.o
    0x080037f4   0x080037f4   0x0000001e   Code   RO          886    i.LL_ADC_SetChannelSamplingTime  stm32g4xx_hal_adc.o
    0x08003812   0x08003812   0x00000010   Code   RO          887    i.LL_ADC_SetOffsetState  stm32g4xx_hal_adc.o
    0x08003822   0x08003822   0x00000002   PAD
    0x08003824   0x08003824   0x00000090   Code   RO          530    i.MX_ADC1_Init      adc.o
    0x080038b4   0x080038b4   0x0000007c   Code   RO          531    i.MX_ADC2_Init      adc.o
    0x08003930   0x08003930   0x0000005c   Code   RO          577    i.MX_DMA_Init       dma.o
    0x0800398c   0x0800398c   0x000000d4   Code   RO          504    i.MX_GPIO_Init      gpio.o
    0x08003a60   0x08003a60   0x00000060   Code   RO          606    i.MX_TIM17_Init     tim.o
    0x08003ac0   0x08003ac0   0x0000006c   Code   RO          607    i.MX_TIM1_Init      tim.o
    0x08003b2c   0x08003b2c   0x00000070   Code   RO          608    i.MX_TIM2_Init      tim.o
    0x08003b9c   0x08003b9c   0x00000068   Code   RO          675    i.MX_USART1_UART_Init  usart.o
    0x08003c04   0x08003c04   0x00000002   Code   RO          722    i.MemManage_Handler  stm32g4xx_it.o
    0x08003c06   0x08003c06   0x00000002   Code   RO          723    i.NMI_Handler       stm32g4xx_it.o
    0x08003c08   0x08003c08   0x00000002   Code   RO          724    i.PendSV_Handler    stm32g4xx_it.o
    0x08003c0a   0x08003c0a   0x00000112   Code   RO           42    i.REG_8230_Init     lcd.o
    0x08003d1c   0x08003d1c   0x00000202   Code   RO           43    i.REG_932X_Init     lcd.o
    0x08003f1e   0x08003f1e   0x00000002   PAD
    0x08003f20   0x08003f20   0x00000018   Code   RO          341    i.SCL_Output        i2c_hal.o
    0x08003f38   0x08003f38   0x00000018   Code   RO          342    i.SDA_Input         i2c_hal.o
    0x08003f50   0x08003f50   0x0000002c   Code   RO          343    i.SDA_Input_Mode    i2c_hal.o
    0x08003f7c   0x08003f7c   0x00000018   Code   RO          344    i.SDA_Output        i2c_hal.o
    0x08003f94   0x08003f94   0x0000002c   Code   RO          345    i.SDA_Output_Mode   i2c_hal.o
    0x08003fc0   0x08003fc0   0x00000002   Code   RO          725    i.SVC_Handler       stm32g4xx_it.o
    0x08003fc2   0x08003fc2   0x00000004   Code   RO          726    i.SysTick_Handler   stm32g4xx_it.o
    0x08003fc6   0x08003fc6   0x00000066   Code   RO          434    i.SystemClock_Config  main.o
    0x0800402c   0x0800402c   0x00000010   Code   RO         4451    i.SystemInit        system_stm32g4xx.o
    0x0800403c   0x0800403c   0x0000001c   Code   RO          727    i.TIM1_TRG_COM_TIM17_IRQHandler  stm32g4xx_it.o
    0x08004058   0x08004058   0x0000000c   Code   RO          728    i.TIM1_UP_TIM16_IRQHandler  stm32g4xx_it.o
    0x08004064   0x08004064   0x000000b0   Code   RO         2868    i.TIM_Base_SetConfig  stm32g4xx_hal_tim.o
    0x08004114   0x08004114   0x0000001a   Code   RO         2869    i.TIM_CCxChannelCmd  stm32g4xx_hal_tim.o
    0x0800412e   0x0800412e   0x00000014   Code   RO         2879    i.TIM_ETR_SetConfig  stm32g4xx_hal_tim.o
    0x08004142   0x08004142   0x00000002   PAD
    0x08004144   0x08004144   0x00000014   Code   RO         2880    i.TIM_ITRx_SetConfig  stm32g4xx_hal_tim.o
    0x08004158   0x08004158   0x0000009c   Code   RO         2881    i.TIM_OC1_SetConfig  stm32g4xx_hal_tim.o
    0x080041f4   0x080041f4   0x00000090   Code   RO         2882    i.TIM_OC2_SetConfig  stm32g4xx_hal_tim.o
    0x08004284   0x08004284   0x00000090   Code   RO         2883    i.TIM_OC3_SetConfig  stm32g4xx_hal_tim.o
    0x08004314   0x08004314   0x00000090   Code   RO         2884    i.TIM_OC4_SetConfig  stm32g4xx_hal_tim.o
    0x080043a4   0x080043a4   0x00000070   Code   RO         2885    i.TIM_OC5_SetConfig  stm32g4xx_hal_tim.o
    0x08004414   0x08004414   0x00000070   Code   RO         2886    i.TIM_OC6_SetConfig  stm32g4xx_hal_tim.o
    0x08004484   0x08004484   0x00000022   Code   RO         2888    i.TIM_TI1_ConfigInputStage  stm32g4xx_hal_tim.o
    0x080044a6   0x080044a6   0x00000002   PAD
    0x080044a8   0x080044a8   0x0000006c   Code   RO         2889    i.TIM_TI1_SetConfig  stm32g4xx_hal_tim.o
    0x08004514   0x08004514   0x00000024   Code   RO         2890    i.TIM_TI2_ConfigInputStage  stm32g4xx_hal_tim.o
    0x08004538   0x08004538   0x00000036   Code   RO         2891    i.TIM_TI2_SetConfig  stm32g4xx_hal_tim.o
    0x0800456e   0x0800456e   0x00000002   PAD
    0x08004570   0x08004570   0x00000044   Code   RO         4351    i.UARTEx_SetNbDataToProcess  stm32g4xx_hal_uart_ex.o
    0x080045b4   0x080045b4   0x000000c8   Code   RO         3961    i.UART_AdvFeatureConfig  stm32g4xx_hal_uart.o
    0x0800467c   0x0800467c   0x00000060   Code   RO         3962    i.UART_CheckIdleState  stm32g4xx_hal_uart.o
    0x080046dc   0x080046dc   0x00000274   Code   RO         3979    i.UART_SetConfig    stm32g4xx_hal_uart.o
    0x08004950   0x08004950   0x000000a4   Code   RO         3986    i.UART_WaitOnFlagUntilTimeout  stm32g4xx_hal_uart.o
    0x080049f4   0x080049f4   0x00000002   Code   RO          729    i.UsageFault_Handler  stm32g4xx_it.o
    0x080049f6   0x080049f6   0x00000002   PAD
    0x080049f8   0x080049f8   0x00000020   Code   RO         4861    i.__0printf         mc_w.l(printfa.o)
    0x08004a18   0x08004a18   0x00000028   Code   RO         4863    i.__0sprintf        mc_w.l(printfa.o)
    0x08004a40   0x08004a40   0x00000020   Code   RO         2656    i.__NVIC_SetPriority  stm32g4xx_hal_cortex.o
    0x08004a60   0x08004a60   0x0000000e   Code   RO         4931    i.__scatterload_copy  mc_w.l(handlers.o)
    0x08004a6e   0x08004a6e   0x00000002   Code   RO         4932    i.__scatterload_null  mc_w.l(handlers.o)
    0x08004a70   0x08004a70   0x0000000e   Code   RO         4933    i.__scatterload_zeroinit  mc_w.l(handlers.o)
    0x08004a7e   0x08004a7e   0x00000002   PAD
    0x08004a80   0x08004a80   0x00000184   Code   RO         4868    i._fp_digits        mc_w.l(printfa.o)
    0x08004c04   0x08004c04   0x000006dc   Code   RO         4869    i._printf_core      mc_w.l(printfa.o)
    0x080052e0   0x080052e0   0x00000024   Code   RO         4870    i._printf_post_padding  mc_w.l(printfa.o)
    0x08005304   0x08005304   0x0000002e   Code   RO         4871    i._printf_pre_padding  mc_w.l(printfa.o)
    0x08005332   0x08005332   0x0000000a   Code   RO         4873    i._sputc            mc_w.l(printfa.o)
    0x0800533c   0x0800533c   0x0000006c   Code   RO         4490    i.adc_show          system.o
    0x080053a8   0x080053a8   0x0000000c   Code   RO          346    i.delay1            i2c_hal.o
    0x080053b4   0x080053b4   0x00000040   Code   RO         4491    i.eeprom_read       system.o
    0x080053f4   0x080053f4   0x00000036   Code   RO         4492    i.eeprom_write      system.o
    0x0800542a   0x0800542a   0x00000002   PAD
    0x0800542c   0x0800542c   0x00000018   Code   RO         4493    i.fputc             system.o
    0x08005444   0x08005444   0x00000040   Code   RO         4562    i.key_read          user.o
    0x08005484   0x08005484   0x000000f4   Code   RO         4563    i.key_show          user.o
    0x08005578   0x08005578   0x0000013c   Code   RO         4565    i.lcd_text          user.o
    0x080056b4   0x080056b4   0x0000002c   Code   RO         4566    i.led_disp          user.o
    0x080056e0   0x080056e0   0x00000088   Code   RO          435    i.main              main.o
    0x08005768   0x08005768   0x00000048   Code   RO         4494    i.system_init       system.o
    0x080057b0   0x080057b0   0x000011d0   Data   RO           44    .constdata          lcd.o
    0x08006980   0x08006980   0x00000018   Data   RO         3987    .constdata          stm32g4xx_hal_uart.o
    0x08006998   0x08006998   0x00000010   Data   RO         4352    .constdata          stm32g4xx_hal_uart_ex.o
    0x080069a8   0x080069a8   0x00000010   Data   RO         4452    .constdata          system_stm32g4xx.o
    0x080069b8   0x080069b8   0x00000008   Data   RO         4453    .constdata          system_stm32g4xx.o
    0x080069c0   0x080069c0   0x00000020   Data   RO         4929    Region$$Table       anon$$obj.o


    Execution Region RW_IRAM1 (Exec base: 0x20000000, Load base: 0x080069e0, Size: 0x000008b0, Max: 0x00008000, ABSOLUTE)

    Exec Addr    Load Addr    Size         Type   Attr      Idx    E Section Name        Object

    0x20000000   0x080069e0   0x00000006   Data   RW           45    .data               lcd.o
    0x20000006   0x080069e6   0x00000002   PAD
    0x20000008   0x080069e8   0x00000004   Data   RW          533    .data               adc.o
    0x2000000c   0x080069ec   0x0000000c   Data   RW         1333    .data               stm32g4xx_hal.o
    0x20000018   0x080069f8   0x00000004   Data   RW         4454    .data               system_stm32g4xx.o
    0x2000001c   0x080069fc   0x00000010   Data   RW         4496    .data               system.o
    0x2000002c   0x08006a0c   0x0000000c   Data   RW         4569    .data               user.o
    0x20000038   0x08006a18   0x00000004   Data   RW         4905    .data               mc_w.l(stdout.o)
    0x2000003c        -       0x00000198   Zero   RW          532    .bss                adc.o
    0x200001d4        -       0x000000e4   Zero   RW          609    .bss                tim.o
    0x200002b8        -       0x000000f0   Zero   RW          676    .bss                usart.o
    0x200003a8        -       0x000000f0   Zero   RW         4495    .bss                system.o
    0x20000498        -       0x00000014   Zero   RW         4568    .bss                user.o
    0x200004ac   0x08006a1c   0x00000004   PAD
    0x200004b0        -       0x00000400   Zero   RW            1    STACK               startup_stm32g431xx.o


==============================================================================

Image component sizes


      Code (inc. data)   RO Data    RW Data    ZI Data      Debug   Object Name

       620         46          0          4        408       2730   adc.o
        92          4          0          0          0        782   dma.o
       212         18          0          0          0        979   gpio.o
       576         28          0          0          0       6912   i2c_hal.o
      1766         76       4560          6          0     687743   lcd.o
       242         30          0          0          0       3184   main.o
        36          8        472          0       1024        812   startup_stm32g431xx.o
       162         24          0         12          0       4165   stm32g4xx_hal.o
      2782        126          0          0          0      81429   stm32g4xx_hal_adc.o
       234          8          0          0          0      70316   stm32g4xx_hal_adc_ex.o
       198         14          0          0          0      33695   stm32g4xx_hal_cortex.o
       680         30          0          0          0       4911   stm32g4xx_hal_dma.o
       476         34          0          0          0       3007   stm32g4xx_hal_gpio.o
        48          6          0          0          0        822   stm32g4xx_hal_msp.o
       204         18          0          0          0       1361   stm32g4xx_hal_pwr_ex.o
      1696         92          0          0          0       5832   stm32g4xx_hal_rcc.o
       648         10          0          0          0       1828   stm32g4xx_hal_rcc_ex.o
      3568        302          0          0          0      21927   stm32g4xx_hal_tim.o
       170         24          0          0          0       5188   stm32g4xx_hal_tim_ex.o
      1382         66         24          0          0      25098   stm32g4xx_hal_uart.o
       282          6         16          0          0       3541   stm32g4xx_hal_uart_ex.o
       124         44          0          0          0       6798   stm32g4xx_it.o
       406         50          0         16        240       4223   system.o
        16          4         24          4          0       1055   system_stm32g4xx.o
       584         46          0          0        228       4162   tim.o
       284         26          0          0        240       1801   usart.o
       668        202          0         12         20       2889   user.o

    ----------------------------------------------------------------------
     18196       1342       5128         56       2164     987190   Object Totals
         0          0         32          0          0          0   (incl. Generated)
        40          0          0          2          4          0   (incl. Padding)

    ----------------------------------------------------------------------

      Code (inc. data)   RO Data    RW Data    ZI Data      Debug   Library Member Name

         0          0          0          0          0          0   entry.o
         0          0          0          0          0          0   entry10a.o
         0          0          0          0          0          0   entry11a.o
         8          4          0          0          0          0   entry2.o
         4          0          0          0          0          0   entry5.o
         0          0          0          0          0          0   entry7b.o
         0          0          0          0          0          0   entry8b.o
         8          4          0          0          0          0   entry9a.o
        30          0          0          0          0          0   handlers.o
        36          8          0          0          0         68   init.o
         0          0          0          0          0          0   iusefp.o
        30          0          0          0          0         68   llshl.o
        36          0          0          0          0         68   llsshr.o
        32          0          0          0          0         68   llushr.o
        36          0          0          0          0        108   memseta.o
      2308         96          0          0          0        604   printfa.o
         0          0          0          4          0          0   stdout.o
        44          0          0          0          0         80   uidiv.o
        98          0          0          0          0         92   uldiv.o
        48          0          0          0          0         68   cdrcmple.o
       334          0          0          0          0        148   dadd.o
       222          0          0          0          0        100   ddiv.o
       186          0          0          0          0        176   depilogue.o
        48          0          0          0          0         68   dfixul.o
       228          0          0          0          0         96   dmul.o
        38          0          0          0          0         68   f2d.o

    ----------------------------------------------------------------------
      3780        112          0          4          0       1880   Library Totals
         6          0          0          0          0          0   (incl. Padding)

    ----------------------------------------------------------------------

      Code (inc. data)   RO Data    RW Data    ZI Data      Debug   Library Name

      2670        112          0          4          0       1156   mc_w.l
      1104          0          0          0          0        724   mf_w.l

    ----------------------------------------------------------------------
      3780        112          0          4          0       1880   Library Totals

    ----------------------------------------------------------------------

==============================================================================


      Code (inc. data)   RO Data    RW Data    ZI Data      Debug   

     21976       1454       5128         60       2164     971838   Grand Totals
     21976       1454       5128         60       2164     971838   ELF Image Totals
     21976       1454       5128         60          0          0   ROM Totals

==============================================================================

    Total RO  Size (Code + RO Data)                27104 (  26.47kB)
    Total RW  Size (RW Data + ZI Data)              2224 (   2.17kB)
    Total ROM Size (Code + RO Data + RW Data)      27164 (  26.53kB)

==============================================================================

